<?xml version="1.0" encoding="ISO-8859-1" ?>
<link_info>
   <banner>TI ARM Linker PC v20.2.5.LTS</banner>
   <copyright>Copyright (c) 1996-2018 Texas Instruments Incorporated</copyright>
   <link_time>0x66919df9</link_time>
   <link_errors>0x0</link_errors>
   <output_file>HelloWorld_RM46.out</output_file>
   <entry_point>
      <name>_c_int00</name>
      <address>0x189d4</address>
   </entry_point>
   <input_file_list>
      <input_file id="fl-2">
         <path>.\CustomApp\source\</path>
         <kind>object</kind>
         <file>led_demo.obj</file>
         <name>led_demo.obj</name>
      </input_file>
      <input_file id="fl-3">
         <path>.\FreeRTOS+UDP\source\</path>
         <kind>object</kind>
         <file>BufferAllocation_2.obj</file>
         <name>BufferAllocation_2.obj</name>
      </input_file>
      <input_file id="fl-4">
         <path>.\FreeRTOS+UDP\source\</path>
         <kind>object</kind>
         <file>FreeRTOS_DHCP.obj</file>
         <name>FreeRTOS_DHCP.obj</name>
      </input_file>
      <input_file id="fl-5">
         <path>.\FreeRTOS+UDP\source\</path>
         <kind>object</kind>
         <file>FreeRTOS_DNS.obj</file>
         <name>FreeRTOS_DNS.obj</name>
      </input_file>
      <input_file id="fl-6">
         <path>.\FreeRTOS+UDP\source\</path>
         <kind>object</kind>
         <file>FreeRTOS_Sockets.obj</file>
         <name>FreeRTOS_Sockets.obj</name>
      </input_file>
      <input_file id="fl-7">
         <path>.\FreeRTOS+UDP\source\</path>
         <kind>object</kind>
         <file>FreeRTOS_UDP_IP.obj</file>
         <name>FreeRTOS_UDP_IP.obj</name>
      </input_file>
      <input_file id="fl-8">
         <path>.\FreeRTOS+UDP\source\</path>
         <kind>object</kind>
         <file>NetworkInterface.obj</file>
         <name>NetworkInterface.obj</name>
      </input_file>
      <input_file id="fl-9">
         <path>.\source\</path>
         <kind>object</kind>
         <file>adc.obj</file>
         <name>adc.obj</name>
      </input_file>
      <input_file id="fl-a">
         <path>.\source\</path>
         <kind>object</kind>
         <file>can.obj</file>
         <name>can.obj</name>
      </input_file>
      <input_file id="fl-b">
         <path>.\source\</path>
         <kind>object</kind>
         <file>crc.obj</file>
         <name>crc.obj</name>
      </input_file>
      <input_file id="fl-c">
         <path>.\source\</path>
         <kind>object</kind>
         <file>dabort.obj</file>
         <name>dabort.obj</name>
      </input_file>
      <input_file id="fl-d">
         <path>.\source\</path>
         <kind>object</kind>
         <file>dcc.obj</file>
         <name>dcc.obj</name>
      </input_file>
      <input_file id="fl-e">
         <path>.\source\</path>
         <kind>object</kind>
         <file>ecap.obj</file>
         <name>ecap.obj</name>
      </input_file>
      <input_file id="fl-f">
         <path>.\source\</path>
         <kind>object</kind>
         <file>emac.obj</file>
         <name>emac.obj</name>
      </input_file>
      <input_file id="fl-10">
         <path>.\source\</path>
         <kind>object</kind>
         <file>emif.obj</file>
         <name>emif.obj</name>
      </input_file>
      <input_file id="fl-11">
         <path>.\source\</path>
         <kind>object</kind>
         <file>eqep.obj</file>
         <name>eqep.obj</name>
      </input_file>
      <input_file id="fl-12">
         <path>.\source\</path>
         <kind>object</kind>
         <file>errata_SSWF021_45.obj</file>
         <name>errata_SSWF021_45.obj</name>
      </input_file>
      <input_file id="fl-13">
         <path>.\source\</path>
         <kind>object</kind>
         <file>esm.obj</file>
         <name>esm.obj</name>
      </input_file>
      <input_file id="fl-14">
         <path>.\source\</path>
         <kind>object</kind>
         <file>eth.obj</file>
         <name>eth.obj</name>
      </input_file>
      <input_file id="fl-15">
         <path>.\source\</path>
         <kind>object</kind>
         <file>etpwm.obj</file>
         <name>etpwm.obj</name>
      </input_file>
      <input_file id="fl-16">
         <path>.\source\</path>
         <kind>object</kind>
         <file>eventhandler.obj</file>
         <name>eventhandler.obj</name>
      </input_file>
      <input_file id="fl-17">
         <path>.\source\</path>
         <kind>object</kind>
         <file>gio.obj</file>
         <name>gio.obj</name>
      </input_file>
      <input_file id="fl-18">
         <path>.\source\</path>
         <kind>object</kind>
         <file>helpers.obj</file>
         <name>helpers.obj</name>
      </input_file>
      <input_file id="fl-19">
         <path>.\source\</path>
         <kind>object</kind>
         <file>het.obj</file>
         <name>het.obj</name>
      </input_file>
      <input_file id="fl-1a">
         <path>.\source\</path>
         <kind>object</kind>
         <file>i2c.obj</file>
         <name>i2c.obj</name>
      </input_file>
      <input_file id="fl-1b">
         <path>.\source\</path>
         <kind>object</kind>
         <file>lin.obj</file>
         <name>lin.obj</name>
      </input_file>
      <input_file id="fl-1c">
         <path>.\source\</path>
         <kind>object</kind>
         <file>mdio.obj</file>
         <name>mdio.obj</name>
      </input_file>
      <input_file id="fl-1d">
         <path>.\source\</path>
         <kind>object</kind>
         <file>mibspi.obj</file>
         <name>mibspi.obj</name>
      </input_file>
      <input_file id="fl-1e">
         <path>.\source\</path>
         <kind>object</kind>
         <file>nandflash.obj</file>
         <name>nandflash.obj</name>
      </input_file>
      <input_file id="fl-1f">
         <path>.\source\</path>
         <kind>object</kind>
         <file>notification.obj</file>
         <name>notification.obj</name>
      </input_file>
      <input_file id="fl-20">
         <path>.\source\</path>
         <kind>object</kind>
         <file>os_croutine.obj</file>
         <name>os_croutine.obj</name>
      </input_file>
      <input_file id="fl-21">
         <path>.\source\</path>
         <kind>object</kind>
         <file>os_event_groups.obj</file>
         <name>os_event_groups.obj</name>
      </input_file>
      <input_file id="fl-22">
         <path>.\source\</path>
         <kind>object</kind>
         <file>os_heap.obj</file>
         <name>os_heap.obj</name>
      </input_file>
      <input_file id="fl-23">
         <path>.\source\</path>
         <kind>object</kind>
         <file>os_list.obj</file>
         <name>os_list.obj</name>
      </input_file>
      <input_file id="fl-24">
         <path>.\source\</path>
         <kind>object</kind>
         <file>os_mpu_wrappers.obj</file>
         <name>os_mpu_wrappers.obj</name>
      </input_file>
      <input_file id="fl-25">
         <path>.\source\</path>
         <kind>object</kind>
         <file>os_port.obj</file>
         <name>os_port.obj</name>
      </input_file>
      <input_file id="fl-26">
         <path>.\source\</path>
         <kind>object</kind>
         <file>os_portasm.obj</file>
         <name>os_portasm.obj</name>
      </input_file>
      <input_file id="fl-27">
         <path>.\source\</path>
         <kind>object</kind>
         <file>os_queue.obj</file>
         <name>os_queue.obj</name>
      </input_file>
      <input_file id="fl-28">
         <path>.\source\</path>
         <kind>object</kind>
         <file>os_tasks.obj</file>
         <name>os_tasks.obj</name>
      </input_file>
      <input_file id="fl-29">
         <path>.\source\</path>
         <kind>object</kind>
         <file>os_timer.obj</file>
         <name>os_timer.obj</name>
      </input_file>
      <input_file id="fl-2a">
         <path>.\source\</path>
         <kind>object</kind>
         <file>phy_dp83640.obj</file>
         <name>phy_dp83640.obj</name>
      </input_file>
      <input_file id="fl-2b">
         <path>.\source\</path>
         <kind>object</kind>
         <file>pinmux.obj</file>
         <name>pinmux.obj</name>
      </input_file>
      <input_file id="fl-2c">
         <path>.\source\</path>
         <kind>object</kind>
         <file>pom.obj</file>
         <name>pom.obj</name>
      </input_file>
      <input_file id="fl-2d">
         <path>.\source\</path>
         <kind>object</kind>
         <file>rs485comm.obj</file>
         <name>rs485comm.obj</name>
      </input_file>
      <input_file id="fl-2e">
         <path>.\source\</path>
         <kind>object</kind>
         <file>sci.obj</file>
         <name>sci.obj</name>
      </input_file>
      <input_file id="fl-2f">
         <path>.\source\</path>
         <kind>object</kind>
         <file>spi.obj</file>
         <name>spi.obj</name>
      </input_file>
      <input_file id="fl-30">
         <path>.\source\</path>
         <kind>object</kind>
         <file>sys_core.obj</file>
         <name>sys_core.obj</name>
      </input_file>
      <input_file id="fl-31">
         <path>.\source\</path>
         <kind>object</kind>
         <file>sys_dma.obj</file>
         <name>sys_dma.obj</name>
      </input_file>
      <input_file id="fl-32">
         <path>.\source\</path>
         <kind>object</kind>
         <file>sys_intvecs.obj</file>
         <name>sys_intvecs.obj</name>
      </input_file>
      <input_file id="fl-33">
         <path>.\source\</path>
         <kind>object</kind>
         <file>sys_main.obj</file>
         <name>sys_main.obj</name>
      </input_file>
      <input_file id="fl-34">
         <path>.\source\</path>
         <kind>object</kind>
         <file>sys_mpu.obj</file>
         <name>sys_mpu.obj</name>
      </input_file>
      <input_file id="fl-35">
         <path>.\source\</path>
         <kind>object</kind>
         <file>sys_pcr.obj</file>
         <name>sys_pcr.obj</name>
      </input_file>
      <input_file id="fl-36">
         <path>.\source\</path>
         <kind>object</kind>
         <file>sys_phantom.obj</file>
         <name>sys_phantom.obj</name>
      </input_file>
      <input_file id="fl-37">
         <path>.\source\</path>
         <kind>object</kind>
         <file>sys_pmm.obj</file>
         <name>sys_pmm.obj</name>
      </input_file>
      <input_file id="fl-38">
         <path>.\source\</path>
         <kind>object</kind>
         <file>sys_pmu.obj</file>
         <name>sys_pmu.obj</name>
      </input_file>
      <input_file id="fl-39">
         <path>.\source\</path>
         <kind>object</kind>
         <file>sys_selftest.obj</file>
         <name>sys_selftest.obj</name>
      </input_file>
      <input_file id="fl-3a">
         <path>.\source\</path>
         <kind>object</kind>
         <file>sys_startup.obj</file>
         <name>sys_startup.obj</name>
      </input_file>
      <input_file id="fl-3b">
         <path>.\source\</path>
         <kind>object</kind>
         <file>sys_vim.obj</file>
         <name>sys_vim.obj</name>
      </input_file>
      <input_file id="fl-3c">
         <path>.\source\</path>
         <kind>object</kind>
         <file>system.obj</file>
         <name>system.obj</name>
      </input_file>
      <input_file id="fl-3d">
         <path>.\source\</path>
         <kind>object</kind>
         <file>uart.obj</file>
         <name>uart.obj</name>
      </input_file>
      <input_file id="fl-41">
         <kind>object</kind>
         <file>&lt;internal&gt;</file>
         <name>&lt;internal&gt;</name>
      </input_file>
      <input_file id="fl-42">
         <path>D:\SIL4\ti\ccs1120\ccs\tools\compiler\ti-cgt-arm_20.2.5.LTS\lib\</path>
         <kind>archive</kind>
         <file>rtsv7R4_T_le_v3D16_eabi.lib</file>
         <name>printf.c.obj</name>
      </input_file>
      <input_file id="fl-43">
         <path>D:\SIL4\ti\ccs1120\ccs\tools\compiler\ti-cgt-arm_20.2.5.LTS\lib\</path>
         <kind>archive</kind>
         <file>rtsv7R4_T_le_v3D16_eabi.lib</file>
         <name>_printfi.c.obj</name>
      </input_file>
      <input_file id="fl-44">
         <path>D:\SIL4\ti\ccs1120\ccs\tools\compiler\ti-cgt-arm_20.2.5.LTS\lib\</path>
         <kind>archive</kind>
         <file>rtsv7R4_T_le_v3D16_eabi.lib</file>
         <name>fputc.c.obj</name>
      </input_file>
      <input_file id="fl-45">
         <path>D:\SIL4\ti\ccs1120\ccs\tools\compiler\ti-cgt-arm_20.2.5.LTS\lib\</path>
         <kind>archive</kind>
         <file>rtsv7R4_T_le_v3D16_eabi.lib</file>
         <name>fputs.c.obj</name>
      </input_file>
      <input_file id="fl-46">
         <path>D:\SIL4\ti\ccs1120\ccs\tools\compiler\ti-cgt-arm_20.2.5.LTS\lib\</path>
         <kind>archive</kind>
         <file>rtsv7R4_T_le_v3D16_eabi.lib</file>
         <name>_io_perm.c.obj</name>
      </input_file>
      <input_file id="fl-47">
         <path>D:\SIL4\ti\ccs1120\ccs\tools\compiler\ti-cgt-arm_20.2.5.LTS\lib\</path>
         <kind>archive</kind>
         <file>rtsv7R4_T_le_v3D16_eabi.lib</file>
         <name>setvbuf.c.obj</name>
      </input_file>
      <input_file id="fl-48">
         <path>D:\SIL4\ti\ccs1120\ccs\tools\compiler\ti-cgt-arm_20.2.5.LTS\lib\</path>
         <kind>archive</kind>
         <file>rtsv7R4_T_le_v3D16_eabi.lib</file>
         <name>s_floor.c.obj</name>
      </input_file>
      <input_file id="fl-49">
         <path>D:\SIL4\ti\ccs1120\ccs\tools\compiler\ti-cgt-arm_20.2.5.LTS\lib\</path>
         <kind>archive</kind>
         <file>rtsv7R4_T_le_v3D16_eabi.lib</file>
         <name>s_frexp.c.obj</name>
      </input_file>
      <input_file id="fl-4a">
         <path>D:\SIL4\ti\ccs1120\ccs\tools\compiler\ti-cgt-arm_20.2.5.LTS\lib\</path>
         <kind>archive</kind>
         <file>rtsv7R4_T_le_v3D16_eabi.lib</file>
         <name>s_scalbn.c.obj</name>
      </input_file>
      <input_file id="fl-4b">
         <path>D:\SIL4\ti\ccs1120\ccs\tools\compiler\ti-cgt-arm_20.2.5.LTS\lib\</path>
         <kind>archive</kind>
         <file>rtsv7R4_T_le_v3D16_eabi.lib</file>
         <name>wcslen.c.obj</name>
      </input_file>
      <input_file id="fl-4c">
         <path>D:\SIL4\ti\ccs1120\ccs\tools\compiler\ti-cgt-arm_20.2.5.LTS\lib\</path>
         <kind>archive</kind>
         <file>rtsv7R4_T_le_v3D16_eabi.lib</file>
         <name>memcpy_t2.asm.obj</name>
      </input_file>
      <input_file id="fl-4d">
         <path>D:\SIL4\ti\ccs1120\ccs\tools\compiler\ti-cgt-arm_20.2.5.LTS\lib\</path>
         <kind>archive</kind>
         <file>rtsv7R4_T_le_v3D16_eabi.lib</file>
         <name>i_div32.asm.obj</name>
      </input_file>
      <input_file id="fl-4e">
         <path>D:\SIL4\ti\ccs1120\ccs\tools\compiler\ti-cgt-arm_20.2.5.LTS\lib\</path>
         <kind>archive</kind>
         <file>rtsv7R4_T_le_v3D16_eabi.lib</file>
         <name>u_div32.asm.obj</name>
      </input_file>
      <input_file id="fl-4f">
         <path>D:\SIL4\ti\ccs1120\ccs\tools\compiler\ti-cgt-arm_20.2.5.LTS\lib\</path>
         <kind>archive</kind>
         <file>rtsv7R4_T_le_v3D16_eabi.lib</file>
         <name>ull_div32.asm.obj</name>
      </input_file>
      <input_file id="fl-50">
         <path>D:\SIL4\ti\ccs1120\ccs\tools\compiler\ti-cgt-arm_20.2.5.LTS\lib\</path>
         <kind>archive</kind>
         <file>rtsv7R4_T_le_v3D16_eabi.lib</file>
         <name>memset_t2.asm.obj</name>
      </input_file>
      <input_file id="fl-51">
         <path>D:\SIL4\ti\ccs1120\ccs\tools\compiler\ti-cgt-arm_20.2.5.LTS\lib\</path>
         <kind>archive</kind>
         <file>rtsv7R4_T_le_v3D16_eabi.lib</file>
         <name>autoinit.c.obj</name>
      </input_file>
      <input_file id="fl-52">
         <path>D:\SIL4\ti\ccs1120\ccs\tools\compiler\ti-cgt-arm_20.2.5.LTS\lib\</path>
         <kind>archive</kind>
         <file>rtsv7R4_T_le_v3D16_eabi.lib</file>
         <name>cpy_tbl.c.obj</name>
      </input_file>
      <input_file id="fl-53">
         <path>D:\SIL4\ti\ccs1120\ccs\tools\compiler\ti-cgt-arm_20.2.5.LTS\lib\</path>
         <kind>archive</kind>
         <file>rtsv7R4_T_le_v3D16_eabi.lib</file>
         <name>copy_zero_init.c.obj</name>
      </input_file>
      <input_file id="fl-54">
         <path>D:\SIL4\ti\ccs1120\ccs\tools\compiler\ti-cgt-arm_20.2.5.LTS\lib\</path>
         <kind>archive</kind>
         <file>rtsv7R4_T_le_v3D16_eabi.lib</file>
         <name>copy_decompress_none.c.obj</name>
      </input_file>
      <input_file id="fl-55">
         <path>D:\SIL4\ti\ccs1120\ccs\tools\compiler\ti-cgt-arm_20.2.5.LTS\lib\</path>
         <kind>archive</kind>
         <file>rtsv7R4_T_le_v3D16_eabi.lib</file>
         <name>copy_decompress_lzss.c.obj</name>
      </input_file>
      <input_file id="fl-56">
         <path>D:\SIL4\ti\ccs1120\ccs\tools\compiler\ti-cgt-arm_20.2.5.LTS\lib\</path>
         <kind>archive</kind>
         <file>rtsv7R4_T_le_v3D16_eabi.lib</file>
         <name>exit.c.obj</name>
      </input_file>
      <input_file id="fl-57">
         <path>D:\SIL4\ti\ccs1120\ccs\tools\compiler\ti-cgt-arm_20.2.5.LTS\lib\</path>
         <kind>archive</kind>
         <file>rtsv7R4_T_le_v3D16_eabi.lib</file>
         <name>_lock.c.obj</name>
      </input_file>
      <input_file id="fl-58">
         <path>D:\SIL4\ti\ccs1120\ccs\tools\compiler\ti-cgt-arm_20.2.5.LTS\lib\</path>
         <kind>archive</kind>
         <file>rtsv7R4_T_le_v3D16_eabi.lib</file>
         <name>_ltoa.c.obj</name>
      </input_file>
      <input_file id="fl-59">
         <path>D:\SIL4\ti\ccs1120\ccs\tools\compiler\ti-cgt-arm_20.2.5.LTS\lib\</path>
         <kind>archive</kind>
         <file>rtsv7R4_T_le_v3D16_eabi.lib</file>
         <name>atoi.c.obj</name>
      </input_file>
      <input_file id="fl-5a">
         <path>D:\SIL4\ti\ccs1120\ccs\tools\compiler\ti-cgt-arm_20.2.5.LTS\lib\</path>
         <kind>archive</kind>
         <file>rtsv7R4_T_le_v3D16_eabi.lib</file>
         <name>ctype.c.obj</name>
      </input_file>
      <input_file id="fl-5b">
         <path>D:\SIL4\ti\ccs1120\ccs\tools\compiler\ti-cgt-arm_20.2.5.LTS\lib\</path>
         <kind>archive</kind>
         <file>rtsv7R4_T_le_v3D16_eabi.lib</file>
         <name>defs.c.obj</name>
      </input_file>
      <input_file id="fl-5c">
         <path>D:\SIL4\ti\ccs1120\ccs\tools\compiler\ti-cgt-arm_20.2.5.LTS\lib\</path>
         <kind>archive</kind>
         <file>rtsv7R4_T_le_v3D16_eabi.lib</file>
         <name>memccpy.c.obj</name>
      </input_file>
      <input_file id="fl-5d">
         <path>D:\SIL4\ti\ccs1120\ccs\tools\compiler\ti-cgt-arm_20.2.5.LTS\lib\</path>
         <kind>archive</kind>
         <file>rtsv7R4_T_le_v3D16_eabi.lib</file>
         <name>memchr.c.obj</name>
      </input_file>
      <input_file id="fl-5e">
         <path>D:\SIL4\ti\ccs1120\ccs\tools\compiler\ti-cgt-arm_20.2.5.LTS\lib\</path>
         <kind>archive</kind>
         <file>rtsv7R4_T_le_v3D16_eabi.lib</file>
         <name>memcmp.c.obj</name>
      </input_file>
      <input_file id="fl-5f">
         <path>D:\SIL4\ti\ccs1120\ccs\tools\compiler\ti-cgt-arm_20.2.5.LTS\lib\</path>
         <kind>archive</kind>
         <file>rtsv7R4_T_le_v3D16_eabi.lib</file>
         <name>memory.c.obj</name>
      </input_file>
      <input_file id="fl-60">
         <path>D:\SIL4\ti\ccs1120\ccs\tools\compiler\ti-cgt-arm_20.2.5.LTS\lib\</path>
         <kind>archive</kind>
         <file>rtsv7R4_T_le_v3D16_eabi.lib</file>
         <name>strchr.c.obj</name>
      </input_file>
      <input_file id="fl-61">
         <path>D:\SIL4\ti\ccs1120\ccs\tools\compiler\ti-cgt-arm_20.2.5.LTS\lib\</path>
         <kind>archive</kind>
         <file>rtsv7R4_T_le_v3D16_eabi.lib</file>
         <name>strcpy.c.obj</name>
      </input_file>
      <input_file id="fl-62">
         <path>D:\SIL4\ti\ccs1120\ccs\tools\compiler\ti-cgt-arm_20.2.5.LTS\lib\</path>
         <kind>archive</kind>
         <file>rtsv7R4_T_le_v3D16_eabi.lib</file>
         <name>strlen.c.obj</name>
      </input_file>
      <input_file id="fl-63">
         <path>D:\SIL4\ti\ccs1120\ccs\tools\compiler\ti-cgt-arm_20.2.5.LTS\lib\</path>
         <kind>archive</kind>
         <file>rtsv7R4_T_le_v3D16_eabi.lib</file>
         <name>errno.c.obj</name>
      </input_file>
      <input_file id="fl-64">
         <path>D:\SIL4\ti\ccs1120\ccs\tools\compiler\ti-cgt-arm_20.2.5.LTS\lib\</path>
         <kind>archive</kind>
         <file>rtsv7R4_T_le_v3D16_eabi.lib</file>
         <name>write.c.obj</name>
      </input_file>
      <input_file id="fl-65">
         <path>D:\SIL4\ti\ccs1120\ccs\tools\compiler\ti-cgt-arm_20.2.5.LTS\lib\</path>
         <kind>archive</kind>
         <file>rtsv7R4_T_le_v3D16_eabi.lib</file>
         <name>host_device.c.obj</name>
      </input_file>
      <input_file id="fl-66">
         <path>D:\SIL4\ti\ccs1120\ccs\tools\compiler\ti-cgt-arm_20.2.5.LTS\lib\</path>
         <kind>archive</kind>
         <file>rtsv7R4_T_le_v3D16_eabi.lib</file>
         <name>fflush.c.obj</name>
      </input_file>
      <input_file id="fl-67">
         <path>D:\SIL4\ti\ccs1120\ccs\tools\compiler\ti-cgt-arm_20.2.5.LTS\lib\</path>
         <kind>archive</kind>
         <file>rtsv7R4_T_le_v3D16_eabi.lib</file>
         <name>fopen.c.obj</name>
      </input_file>
      <input_file id="fl-68">
         <path>D:\SIL4\ti\ccs1120\ccs\tools\compiler\ti-cgt-arm_20.2.5.LTS\lib\</path>
         <kind>archive</kind>
         <file>rtsv7R4_T_le_v3D16_eabi.lib</file>
         <name>fseek.c.obj</name>
      </input_file>
      <input_file id="fl-69">
         <path>D:\SIL4\ti\ccs1120\ccs\tools\compiler\ti-cgt-arm_20.2.5.LTS\lib\</path>
         <kind>archive</kind>
         <file>rtsv7R4_T_le_v3D16_eabi.lib</file>
         <name>s_copysign.c.obj</name>
      </input_file>
      <input_file id="fl-6a">
         <path>D:\SIL4\ti\ccs1120\ccs\tools\compiler\ti-cgt-arm_20.2.5.LTS\lib\</path>
         <kind>archive</kind>
         <file>rtsv7R4_T_le_v3D16_eabi.lib</file>
         <name>div0.asm.obj</name>
      </input_file>
      <input_file id="fl-6b">
         <path>D:\SIL4\ti\ccs1120\ccs\tools\compiler\ti-cgt-arm_20.2.5.LTS\lib\</path>
         <kind>archive</kind>
         <file>rtsv7R4_T_le_v3D16_eabi.lib</file>
         <name>hostclose.c.obj</name>
      </input_file>
      <input_file id="fl-6c">
         <path>D:\SIL4\ti\ccs1120\ccs\tools\compiler\ti-cgt-arm_20.2.5.LTS\lib\</path>
         <kind>archive</kind>
         <file>rtsv7R4_T_le_v3D16_eabi.lib</file>
         <name>hostlseek.c.obj</name>
      </input_file>
      <input_file id="fl-6d">
         <path>D:\SIL4\ti\ccs1120\ccs\tools\compiler\ti-cgt-arm_20.2.5.LTS\lib\</path>
         <kind>archive</kind>
         <file>rtsv7R4_T_le_v3D16_eabi.lib</file>
         <name>hostopen.c.obj</name>
      </input_file>
      <input_file id="fl-6e">
         <path>D:\SIL4\ti\ccs1120\ccs\tools\compiler\ti-cgt-arm_20.2.5.LTS\lib\</path>
         <kind>archive</kind>
         <file>rtsv7R4_T_le_v3D16_eabi.lib</file>
         <name>hostread.c.obj</name>
      </input_file>
      <input_file id="fl-6f">
         <path>D:\SIL4\ti\ccs1120\ccs\tools\compiler\ti-cgt-arm_20.2.5.LTS\lib\</path>
         <kind>archive</kind>
         <file>rtsv7R4_T_le_v3D16_eabi.lib</file>
         <name>hostrename.c.obj</name>
      </input_file>
      <input_file id="fl-70">
         <path>D:\SIL4\ti\ccs1120\ccs\tools\compiler\ti-cgt-arm_20.2.5.LTS\lib\</path>
         <kind>archive</kind>
         <file>rtsv7R4_T_le_v3D16_eabi.lib</file>
         <name>hostunlink.c.obj</name>
      </input_file>
      <input_file id="fl-71">
         <path>D:\SIL4\ti\ccs1120\ccs\tools\compiler\ti-cgt-arm_20.2.5.LTS\lib\</path>
         <kind>archive</kind>
         <file>rtsv7R4_T_le_v3D16_eabi.lib</file>
         <name>hostwrite.c.obj</name>
      </input_file>
      <input_file id="fl-72">
         <path>D:\SIL4\ti\ccs1120\ccs\tools\compiler\ti-cgt-arm_20.2.5.LTS\lib\</path>
         <kind>archive</kind>
         <file>rtsv7R4_T_le_v3D16_eabi.lib</file>
         <name>trgmsg.c.obj</name>
      </input_file>
      <input_file id="fl-73">
         <path>D:\SIL4\ti\ccs1120\ccs\tools\compiler\ti-cgt-arm_20.2.5.LTS\lib\</path>
         <kind>archive</kind>
         <file>rtsv7R4_T_le_v3D16_eabi.lib</file>
         <name>open.c.obj</name>
      </input_file>
      <input_file id="fl-74">
         <path>D:\SIL4\ti\ccs1120\ccs\tools\compiler\ti-cgt-arm_20.2.5.LTS\lib\</path>
         <kind>archive</kind>
         <file>rtsv7R4_T_le_v3D16_eabi.lib</file>
         <name>lseek.c.obj</name>
      </input_file>
      <input_file id="fl-75">
         <path>D:\SIL4\ti\ccs1120\ccs\tools\compiler\ti-cgt-arm_20.2.5.LTS\lib\</path>
         <kind>archive</kind>
         <file>rtsv7R4_T_le_v3D16_eabi.lib</file>
         <name>fclose.c.obj</name>
      </input_file>
      <input_file id="fl-76">
         <path>D:\SIL4\ti\ccs1120\ccs\tools\compiler\ti-cgt-arm_20.2.5.LTS\lib\</path>
         <kind>archive</kind>
         <file>rtsv7R4_T_le_v3D16_eabi.lib</file>
         <name>getdevice.c.obj</name>
      </input_file>
      <input_file id="fl-77">
         <path>D:\SIL4\ti\ccs1120\ccs\tools\compiler\ti-cgt-arm_20.2.5.LTS\lib\</path>
         <kind>archive</kind>
         <file>rtsv7R4_T_le_v3D16_eabi.lib</file>
         <name>strcmp.c.obj</name>
      </input_file>
      <input_file id="fl-78">
         <path>D:\SIL4\ti\ccs1120\ccs\tools\compiler\ti-cgt-arm_20.2.5.LTS\lib\</path>
         <kind>archive</kind>
         <file>rtsv7R4_T_le_v3D16_eabi.lib</file>
         <name>strncpy.c.obj</name>
      </input_file>
      <input_file id="fl-79">
         <path>D:\SIL4\ti\ccs1120\ccs\tools\compiler\ti-cgt-arm_20.2.5.LTS\lib\</path>
         <kind>archive</kind>
         <file>rtsv7R4_T_le_v3D16_eabi.lib</file>
         <name>remove.c.obj</name>
      </input_file>
      <input_file id="fl-7a">
         <path>D:\SIL4\ti\ccs1120\ccs\tools\compiler\ti-cgt-arm_20.2.5.LTS\lib\</path>
         <kind>archive</kind>
         <file>rtsv7R4_T_le_v3D16_eabi.lib</file>
         <name>close.c.obj</name>
      </input_file>
      <input_file id="fl-7b">
         <path>D:\SIL4\ti\ccs1120\ccs\tools\compiler\ti-cgt-arm_20.2.5.LTS\lib\</path>
         <kind>archive</kind>
         <file>rtsv7R4_T_le_v3D16_eabi.lib</file>
         <name>unlink.c.obj</name>
      </input_file>
   </input_file_list>
   <object_component_list>
      <object_component id="oc-33">
         <name>.intvecs</name>
         <load_address>0x0</load_address>
         <run_address>0x0</run_address>
         <size>0x20</size>
         <input_file_ref idref="fl-32"/>
      </object_component>
      <object_component id="oc-163">
         <name>.kernelTEXT</name>
         <load_address>0x20</load_address>
         <run_address>0x20</run_address>
         <size>0x2f78</size>
         <input_file_ref idref="fl-28"/>
      </object_component>
      <object_component id="oc-1e0">
         <name>.kernelTEXT</name>
         <load_address>0x2f98</load_address>
         <run_address>0x2f98</run_address>
         <size>0x151c</size>
         <input_file_ref idref="fl-27"/>
      </object_component>
      <object_component id="oc-2be">
         <name>.kernelTEXT</name>
         <load_address>0x44b4</load_address>
         <run_address>0x44b4</run_address>
         <size>0xab0</size>
         <input_file_ref idref="fl-29"/>
      </object_component>
      <object_component id="oc-2c4">
         <name>.kernelTEXT</name>
         <load_address>0x4f64</load_address>
         <run_address>0x4f64</run_address>
         <size>0x818</size>
         <input_file_ref idref="fl-21"/>
      </object_component>
      <object_component id="oc-ac">
         <name>.kernelTEXT</name>
         <load_address>0x577c</load_address>
         <run_address>0x577c</run_address>
         <size>0x4bc</size>
         <input_file_ref idref="fl-26"/>
      </object_component>
      <object_component id="oc-33e">
         <name>.kernelTEXT</name>
         <load_address>0x5c38</load_address>
         <run_address>0x5c38</run_address>
         <size>0x3e0</size>
         <input_file_ref idref="fl-25"/>
      </object_component>
      <object_component id="oc-169">
         <name>.kernelTEXT</name>
         <load_address>0x6018</load_address>
         <run_address>0x6018</run_address>
         <size>0x37c</size>
         <input_file_ref idref="fl-22"/>
      </object_component>
      <object_component id="oc-553">
         <name>.cinit..data.load</name>
         <load_address>0x6b98</load_address>
         <run_address>0x6b98</run_address>
         <size>0x2d</size>
      </object_component>
      <object_component id="oc-54e">
         <name>__TI_handler_table</name>
         <load_address>0x6bc8</load_address>
         <run_address>0x6bc8</run_address>
         <size>0xc</size>
      </object_component>
      <object_component id="oc-550">
         <name>.cinit..kernelBSS.load</name>
         <load_address>0x6bd4</load_address>
         <run_address>0x6bd4</run_address>
         <size>0x9</size>
      </object_component>
      <object_component id="oc-552">
         <name>.cinit..bss.load</name>
         <load_address>0x6be0</load_address>
         <run_address>0x6be0</run_address>
         <size>0x8</size>
      </object_component>
      <object_component id="oc-551">
         <name>.cinit..kernelHEAP.load</name>
         <load_address>0x6be8</load_address>
         <run_address>0x6be8</run_address>
         <size>0x8</size>
      </object_component>
      <object_component id="oc-54f">
         <name>__TI_cinit_table</name>
         <load_address>0x6bf0</load_address>
         <run_address>0x6bf0</run_address>
         <size>0x20</size>
      </object_component>
      <object_component id="oc-87">
         <name>.text</name>
         <load_address>0x8020</load_address>
         <run_address>0x8020</run_address>
         <size>0x2cdc</size>
         <input_file_ref idref="fl-39"/>
      </object_component>
      <object_component id="oc-17b">
         <name>.text</name>
         <load_address>0xacfc</load_address>
         <run_address>0xacfc</run_address>
         <size>0x2748</size>
         <input_file_ref idref="fl-15"/>
      </object_component>
      <object_component id="oc-157">
         <name>.text</name>
         <load_address>0xd444</load_address>
         <run_address>0xd444</run_address>
         <size>0x1798</size>
         <input_file_ref idref="fl-7"/>
      </object_component>
      <object_component id="oc-a2">
         <name>.text</name>
         <load_address>0xebdc</load_address>
         <run_address>0xebdc</run_address>
         <size>0x177c</size>
         <input_file_ref idref="fl-f"/>
      </object_component>
      <object_component id="oc-94">
         <name>.text</name>
         <load_address>0x10358</load_address>
         <run_address>0x10358</run_address>
         <size>0x1014</size>
         <input_file_ref idref="fl-33"/>
      </object_component>
      <object_component id="oc-181">
         <name>.text</name>
         <load_address>0x1136c</load_address>
         <run_address>0x1136c</run_address>
         <size>0xd8c</size>
         <input_file_ref idref="fl-2f"/>
      </object_component>
      <object_component id="oc-151">
         <name>.text</name>
         <load_address>0x120f8</load_address>
         <run_address>0x120f8</run_address>
         <size>0xcac</size>
         <input_file_ref idref="fl-24"/>
      </object_component>
      <object_component id="oc-81">
         <name>.text</name>
         <load_address>0x12da4</load_address>
         <run_address>0x12da4</run_address>
         <size>0xb64</size>
         <input_file_ref idref="fl-3c"/>
      </object_component>
      <object_component id="oc-3f">
         <name>.text</name>
         <load_address>0x13908</load_address>
         <run_address>0x13908</run_address>
         <size>0xa58</size>
         <input_file_ref idref="fl-3b"/>
      </object_component>
      <object_component id="oc-16f">
         <name>.text</name>
         <load_address>0x14360</load_address>
         <run_address>0x14360</run_address>
         <size>0xa34</size>
         <input_file_ref idref="fl-2e"/>
      </object_component>
      <object_component id="oc-2e6">
         <name>.text</name>
         <load_address>0x14d94</load_address>
         <run_address>0x14d94</run_address>
         <size>0x988</size>
         <input_file_ref idref="fl-6"/>
      </object_component>
      <object_component id="oc-f9">
         <name>.text</name>
         <load_address>0x1571c</load_address>
         <run_address>0x1571c</run_address>
         <size>0x844</size>
         <input_file_ref idref="fl-2b"/>
      </object_component>
      <object_component id="oc-1f5">
         <name>.text</name>
         <load_address>0x15f60</load_address>
         <run_address>0x15f60</run_address>
         <size>0x6d0</size>
         <input_file_ref idref="fl-2a"/>
      </object_component>
      <object_component id="oc-75">
         <name>.text</name>
         <load_address>0x16630</load_address>
         <run_address>0x16630</run_address>
         <size>0x664</size>
         <input_file_ref idref="fl-12"/>
      </object_component>
      <object_component id="oc-8d">
         <name>.text</name>
         <load_address>0x16c94</load_address>
         <run_address>0x16c94</run_address>
         <size>0x5bc</size>
         <input_file_ref idref="fl-13"/>
      </object_component>
      <object_component id="oc-175">
         <name>.text</name>
         <load_address>0x17250</load_address>
         <run_address>0x17250</run_address>
         <size>0x484</size>
         <input_file_ref idref="fl-17"/>
      </object_component>
      <object_component id="oc-9c">
         <name>.text</name>
         <load_address>0x176d4</load_address>
         <run_address>0x176d4</run_address>
         <size>0x3d8</size>
         <input_file_ref idref="fl-1f"/>
      </object_component>
      <object_component id="oc-2e0">
         <name>.text</name>
         <load_address>0x17aac</load_address>
         <run_address>0x17aac</run_address>
         <size>0x368</size>
         <input_file_ref idref="fl-3"/>
      </object_component>
      <object_component id="oc-70">
         <name>.text</name>
         <load_address>0x17e14</load_address>
         <run_address>0x17e14</run_address>
         <size>0x34c</size>
         <input_file_ref idref="fl-30"/>
      </object_component>
      <object_component id="oc-15d">
         <name>.text</name>
         <load_address>0x18160</load_address>
         <run_address>0x18160</run_address>
         <size>0x304</size>
         <input_file_ref idref="fl-14"/>
      </object_component>
      <object_component id="oc-3e">
         <name>.text:retain</name>
         <load_address>0x18464</load_address>
         <run_address>0x18464</run_address>
         <size>0x2cc</size>
         <input_file_ref idref="fl-3b"/>
      </object_component>
      <object_component id="oc-2ec">
         <name>.text</name>
         <load_address>0x18730</load_address>
         <run_address>0x18730</run_address>
         <size>0x2a4</size>
         <input_file_ref idref="fl-8"/>
      </object_component>
      <object_component id="oc-1e">
         <name>.text:retain</name>
         <load_address>0x189d4</load_address>
         <run_address>0x189d4</run_address>
         <size>0x288</size>
         <input_file_ref idref="fl-3a"/>
      </object_component>
      <object_component id="oc-349">
         <name>.text</name>
         <load_address>0x18c5c</load_address>
         <run_address>0x18c5c</run_address>
         <size>0x278</size>
         <input_file_ref idref="fl-22"/>
      </object_component>
      <object_component id="oc-338">
         <name>.text</name>
         <load_address>0x18ed4</load_address>
         <run_address>0x18ed4</run_address>
         <size>0x238</size>
         <input_file_ref idref="fl-23"/>
      </object_component>
      <object_component id="oc-13f">
         <name>.text</name>
         <load_address>0x1910c</load_address>
         <run_address>0x1910c</run_address>
         <size>0x1c4</size>
         <input_file_ref idref="fl-1c"/>
      </object_component>
      <object_component id="oc-477">
         <name>.text</name>
         <load_address>0x192d0</load_address>
         <run_address>0x192d0</run_address>
         <size>0x1b0</size>
         <input_file_ref idref="fl-25"/>
      </object_component>
      <object_component id="oc-2b8">
         <name>.text</name>
         <load_address>0x19480</load_address>
         <run_address>0x19480</run_address>
         <size>0x158</size>
         <input_file_ref idref="fl-28"/>
      </object_component>
      <object_component id="oc-2d">
         <name>.text:retain</name>
         <load_address>0x195d8</load_address>
         <run_address>0x195d8</run_address>
         <size>0x114</size>
         <input_file_ref idref="fl-13"/>
      </object_component>
      <object_component id="oc-14b">
         <name>.text</name>
         <load_address>0x196ec</load_address>
         <run_address>0x196ec</run_address>
         <size>0xf8</size>
         <input_file_ref idref="fl-3d"/>
      </object_component>
      <object_component id="oc-ba">
         <name>.text</name>
         <load_address>0x197e4</load_address>
         <run_address>0x197e4</run_address>
         <size>0xe8</size>
         <input_file_ref idref="fl-c"/>
      </object_component>
      <object_component id="oc-35c">
         <name>.text:floor</name>
         <load_address>0x198cc</load_address>
         <run_address>0x198cc</run_address>
         <size>0xe0</size>
         <input_file_ref idref="fl-48"/>
      </object_component>
      <object_component id="oc-101">
         <name>.text</name>
         <load_address>0x199ac</load_address>
         <run_address>0x199ac</run_address>
         <size>0xe0</size>
         <input_file_ref idref="fl-38"/>
      </object_component>
      <object_component id="oc-24">
         <name>.text:retain</name>
         <load_address>0x19a8c</load_address>
         <run_address>0x19a8c</run_address>
         <size>0xcc</size>
         <input_file_ref idref="fl-f"/>
      </object_component>
      <object_component id="oc-58">
         <name>.text</name>
         <load_address>0x19b58</load_address>
         <run_address>0x19b58</run_address>
         <size>0x9c</size>
         <input_file_ref idref="fl-4c"/>
      </object_component>
      <object_component id="oc-eb">
         <name>.text</name>
         <load_address>0x19bf4</load_address>
         <run_address>0x19bf4</run_address>
         <size>0x7a</size>
         <input_file_ref idref="fl-50"/>
      </object_component>
      <object_component id="oc-11">
         <name>.text:decompress:lzss:__TI_decompress_lzss</name>
         <load_address>0x19c6e</load_address>
         <run_address>0x19c6e</run_address>
         <size>0x6c</size>
         <input_file_ref idref="fl-55"/>
      </object_component>
      <object_component id="oc-41f">
         <name>.text</name>
         <load_address>0x19cda</load_address>
         <run_address>0x19cda</run_address>
         <size>0x2</size>
         <input_file_ref idref="fl-6a"/>
      </object_component>
      <object_component id="oc-44f">
         <name>.text</name>
         <load_address>0x19cdc</load_address>
         <run_address>0x19cdc</run_address>
         <size>0x54</size>
         <input_file_ref idref="fl-4d"/>
      </object_component>
      <object_component id="oc-2ae">
         <name>.text</name>
         <load_address>0x19d30</load_address>
         <run_address>0x19d30</run_address>
         <size>0x50</size>
         <input_file_ref idref="fl-4e"/>
      </object_component>
      <object_component id="oc-10f">
         <name>.text:__TI_auto_init_nobinit_nopinit:__TI_auto_init_nobinit_nopinit</name>
         <load_address>0x19d80</load_address>
         <run_address>0x19d80</run_address>
         <size>0x44</size>
         <input_file_ref idref="fl-51"/>
      </object_component>
      <object_component id="oc-2f2">
         <name>.text:memcmp</name>
         <load_address>0x19dc4</load_address>
         <run_address>0x19dc4</run_address>
         <size>0x26</size>
         <input_file_ref idref="fl-5e"/>
      </object_component>
      <object_component id="oc-145">
         <name>.text:strlen</name>
         <load_address>0x19dea</load_address>
         <run_address>0x19dea</run_address>
         <size>0x16</size>
         <input_file_ref idref="fl-62"/>
      </object_component>
      <object_component id="oc-17">
         <name>.text:decompress:none:__TI_decompress_none</name>
         <load_address>0x19e00</load_address>
         <run_address>0x19e00</run_address>
         <size>0xe</size>
         <input_file_ref idref="fl-54"/>
      </object_component>
      <object_component id="oc-6a">
         <name>.text:decompress:ZI:__TI_zero_init</name>
         <load_address>0x19e0e</load_address>
         <run_address>0x19e0e</run_address>
         <size>0xc</size>
         <input_file_ref idref="fl-53"/>
      </object_component>
      <object_component id="oc-1d4">
         <name>.text:abort:abort</name>
         <load_address>0x19e1a</load_address>
         <run_address>0x19e1a</run_address>
         <size>0x4</size>
         <input_file_ref idref="fl-56"/>
      </object_component>
      <object_component id="oc-38">
         <name>.text:retain</name>
         <load_address>0x19e20</load_address>
         <run_address>0x19e20</run_address>
         <size>0x4</size>
         <input_file_ref idref="fl-36"/>
      </object_component>
      <object_component id="oc-7b">
         <name>.text</name>
         <load_address>0x19e24</load_address>
         <run_address>0x19e24</run_address>
         <size>0x4</size>
         <input_file_ref idref="fl-3a"/>
      </object_component>
      <object_component id="oc-2a">
         <name>.const:s_vim_init</name>
         <load_address>0x19e28</load_address>
         <run_address>0x19e28</run_address>
         <size>0x200</size>
         <input_file_ref idref="fl-3b"/>
      </object_component>
      <object_component id="oc-329">
         <name>.const:.string:$P$T0$2</name>
         <load_address>0x1a028</load_address>
         <run_address>0x1a028</run_address>
         <size>0x56</size>
         <input_file_ref idref="fl-14"/>
      </object_component>
      <object_component id="oc-30f">
         <name>.const:.string:xDefaultPartARPPacketHeader</name>
         <load_address>0x1a07e</load_address>
         <run_address>0x1a07e</run_address>
         <size>0x26</size>
         <input_file_ref idref="fl-7"/>
      </object_component>
      <object_component id="oc-44a">
         <name>.const:$P$T0$1</name>
         <load_address>0x1a0a4</load_address>
         <run_address>0x1a0a4</run_address>
         <size>0x8</size>
         <input_file_ref idref="fl-6"/>
      </object_component>
      <object_component id="oc-303">
         <name>.const:$P$T0$5</name>
         <load_address>0x1a0ac</load_address>
         <run_address>0x1a0ac</run_address>
         <size>0x8</size>
         <input_file_ref idref="fl-7"/>
      </object_component>
      <object_component id="oc-2fb">
         <name>.const:xNetworkDownEvent$1</name>
         <load_address>0x1a0b4</load_address>
         <run_address>0x1a0b4</run_address>
         <size>0x8</size>
         <input_file_ref idref="fl-7"/>
      </object_component>
      <object_component id="oc-2fc">
         <name>.const:xNetworkDownEvent$2</name>
         <load_address>0x1a0bc</load_address>
         <run_address>0x1a0bc</run_address>
         <size>0x8</size>
         <input_file_ref idref="fl-7"/>
      </object_component>
      <object_component id="oc-32c">
         <name>.const:.string:$P$T1$3</name>
         <load_address>0x1a0c4</load_address>
         <run_address>0x1a0c4</run_address>
         <size>0x6</size>
         <input_file_ref idref="fl-14"/>
      </object_component>
      <object_component id="oc-32f">
         <name>.const:.string:$P$T2$4</name>
         <load_address>0x1a0ca</load_address>
         <run_address>0x1a0ca</run_address>
         <size>0x6</size>
         <input_file_ref idref="fl-14"/>
      </object_component>
      <object_component id="oc-30c">
         <name>.const:xBroadcastMACAddress</name>
         <load_address>0x1a0d0</load_address>
         <run_address>0x1a0d0</run_address>
         <size>0x6</size>
         <input_file_ref idref="fl-7"/>
      </object_component>
      <object_component id="oc-309">
         <name>.const:xNullMACAddress</name>
         <load_address>0x1a0d6</load_address>
         <run_address>0x1a0d6</run_address>
         <size>0x6</size>
         <input_file_ref idref="fl-7"/>
      </object_component>
      <object_component id="oc-1a4">
         <name>.const:.string:ucDNSServerAddress</name>
         <load_address>0x1a0dc</load_address>
         <run_address>0x1a0dc</run_address>
         <size>0x4</size>
         <input_file_ref idref="fl-33"/>
      </object_component>
      <object_component id="oc-1a1">
         <name>.const:.string:ucGatewayAddress</name>
         <load_address>0x1a0e0</load_address>
         <run_address>0x1a0e0</run_address>
         <size>0x4</size>
         <input_file_ref idref="fl-33"/>
      </object_component>
      <object_component id="oc-19b">
         <name>.const:.string:ucIPAddress</name>
         <load_address>0x1a0e4</load_address>
         <run_address>0x1a0e4</run_address>
         <size>0x4</size>
         <input_file_ref idref="fl-33"/>
      </object_component>
      <object_component id="oc-19e">
         <name>.const:.string:ucNetMask</name>
         <load_address>0x1a0e8</load_address>
         <run_address>0x1a0e8</run_address>
         <size>0x4</size>
         <input_file_ref idref="fl-33"/>
      </object_component>
      <object_component id="oc-224">
         <name>.kernelBSS:init</name>
         <load_address>0x80008d0</load_address>
         <run_address>0x80008d0</run_address>
         <size>0x34</size>
         <input_file_ref idref="fl-28"/>
      </object_component>
      <object_component id="oc-344">
         <name>.kernelBSS:uninit</name>
         <load_address>0x8000800</load_address>
         <run_address>0x8000800</run_address>
         <size>0xd0</size>
         <input_file_ref idref="fl-28"/>
      </object_component>
      <object_component id="oc-42d">
         <name>.kernelBSS:uninit</name>
         <load_address>0x8000904</load_address>
         <run_address>0x8000904</run_address>
         <size>0x30</size>
         <input_file_ref idref="fl-29"/>
      </object_component>
      <object_component id="oc-42a">
         <name>.kernelBSS:init</name>
         <load_address>0x8000934</load_address>
         <run_address>0x8000934</run_address>
         <size>0xc</size>
         <input_file_ref idref="fl-29"/>
      </object_component>
      <object_component id="oc-488">
         <name>.kernelHEAP</name>
         <uninitialized>true</uninitialized>
         <run_address>0x8001000</run_address>
         <size>0x20000</size>
         <input_file_ref idref="fl-22"/>
      </object_component>
      <object_component id="oc-440">
         <name>.bss:xFreeBuffersList</name>
         <uninitialized>true</uninitialized>
         <run_address>0x802d154</run_address>
         <size>0x14</size>
         <input_file_ref idref="fl-3"/>
      </object_component>
      <object_component id="oc-443">
         <name>.bss:xNetworkBuffers</name>
         <uninitialized>true</uninitialized>
         <run_address>0x802c864</run_address>
         <size>0x6c0</size>
         <input_file_ref idref="fl-3"/>
      </object_component>
      <object_component id="oc-447">
         <name>.bss:xBoundSocketsList</name>
         <uninitialized>true</uninitialized>
         <run_address>0x802d140</run_address>
         <size>0x14</size>
         <input_file_ref idref="fl-6"/>
      </object_component>
      <object_component id="oc-306">
         <name>.bss:xARPCache</name>
         <uninitialized>true</uninitialized>
         <run_address>0x802d014</run_address>
         <size>0x48</size>
         <input_file_ref idref="fl-7"/>
      </object_component>
      <object_component id="oc-457">
         <name>.bss:pbufs</name>
         <uninitialized>true</uninitialized>
         <run_address>0x802cf9c</run_address>
         <size>0x78</size>
         <input_file_ref idref="fl-8"/>
      </object_component>
      <object_component id="oc-1fb">
         <name>.bss:pbuf_array</name>
         <uninitialized>true</uninitialized>
         <run_address>0x8028d40</run_address>
         <size>0x3b24</size>
         <input_file_ref idref="fl-f"/>
      </object_component>
      <object_component id="oc-1e9">
         <name>.bss:emacRxData</name>
         <uninitialized>true</uninitialized>
         <run_address>0x8021000</run_address>
         <size>0x7d40</size>
         <input_file_ref idref="fl-1f"/>
      </object_component>
      <object_component id="oc-352">
         <name>.bss:xStart</name>
         <uninitialized>true</uninitialized>
         <run_address>0x802d168</run_address>
         <size>0x8</size>
         <input_file_ref idref="fl-22"/>
      </object_component>
      <object_component id="oc-362">
         <name>.bss:g_sciTransfer_t</name>
         <uninitialized>true</uninitialized>
         <run_address>0x802d118</run_address>
         <size>0x28</size>
         <input_file_ref idref="fl-2e"/>
      </object_component>
      <object_component id="oc-36a">
         <name>.bss:g_spiPacket_t</name>
         <uninitialized>true</uninitialized>
         <run_address>0x802cf24</run_address>
         <size>0x78</size>
         <input_file_ref idref="fl-2f"/>
      </object_component>
      <object_component id="oc-1a7">
         <name>.common:g_ucSciLinTxReg</name>
         <uninitialized>true</uninitialized>
         <run_address>0x802d09c</run_address>
         <size>0x40</size>
      </object_component>
      <object_component id="oc-1b2">
         <name>.common:g_ucSciLinRxReg</name>
         <uninitialized>true</uninitialized>
         <run_address>0x802d05c</run_address>
         <size>0x40</size>
      </object_component>
      <object_component id="oc-187">
         <name>.common:special_debug_flag</name>
         <uninitialized>true</uninitialized>
         <run_address>0x802d178</run_address>
         <size>0x4</size>
      </object_component>
      <object_component id="oc-192">
         <name>.common:xRecursiveMutex</name>
         <uninitialized>true</uninitialized>
         <run_address>0x802d180</run_address>
         <size>0x4</size>
      </object_component>
      <object_component id="oc-1ec">
         <name>.common:xEmacRxQueue</name>
         <uninitialized>true</uninitialized>
         <run_address>0x802d17c</run_address>
         <size>0x4</size>
      </object_component>
      <object_component id="oc-a8">
         <name>.common:hdkif_data</name>
         <uninitialized>true</uninitialized>
         <run_address>0x802d0dc</run_address>
         <size>0x3c</size>
      </object_component>
      <object_component id="oc-1b4">
         <name>.common:EthernetTaskHandle</name>
         <uninitialized>true</uninitialized>
         <run_address>0x802d174</run_address>
         <size>0x4</size>
      </object_component>
      <object_component id="oc-196">
         <name>.common:xTask1Queue</name>
         <uninitialized>true</uninitialized>
         <run_address>0x802d184</run_address>
         <size>0x4</size>
      </object_component>
      <object_component id="oc-197">
         <name>.common:xTask2Queue</name>
         <uninitialized>true</uninitialized>
         <run_address>0x802d188</run_address>
         <size>0x4</size>
      </object_component>
      <object_component id="oc-1b3">
         <name>.common:EMIFTaskHandle</name>
         <uninitialized>true</uninitialized>
         <run_address>0x802d170</run_address>
         <size>0x4</size>
      </object_component>
      <object_component id="oc-43d">
         <name>.data</name>
         <load_address>0x802d210</load_address>
         <run_address>0x802d210</run_address>
         <size>0x4</size>
         <input_file_ref idref="fl-3"/>
      </object_component>
      <object_component id="oc-44d">
         <name>.data</name>
         <load_address>0x802d1fe</load_address>
         <run_address>0x802d1fe</run_address>
         <size>0x2</size>
         <input_file_ref idref="fl-6"/>
      </object_component>
      <object_component id="oc-2f8">
         <name>.data</name>
         <load_address>0x802d18c</load_address>
         <run_address>0x802d18c</run_address>
         <size>0x18</size>
         <input_file_ref idref="fl-7"/>
      </object_component>
      <object_component id="oc-2fd">
         <name>.data:xDefaultPartUDPPacketHeader</name>
         <load_address>0x802d1a4</load_address>
         <run_address>0x802d1a4</run_address>
         <size>0x18</size>
         <input_file_ref idref="fl-7"/>
      </object_component>
      <object_component id="oc-300">
         <name>.data:xNetworkAddressing</name>
         <load_address>0x802d1e0</load_address>
         <run_address>0x802d1e0</run_address>
         <size>0x10</size>
         <input_file_ref idref="fl-7"/>
      </object_component>
      <object_component id="oc-454">
         <name>.data</name>
         <load_address>0x802d1f0</load_address>
         <run_address>0x802d1f0</run_address>
         <size>0xd</size>
         <input_file_ref idref="fl-8"/>
      </object_component>
      <object_component id="oc-328">
         <name>.data</name>
         <load_address>0x802d214</load_address>
         <run_address>0x802d214</run_address>
         <size>0x4</size>
         <input_file_ref idref="fl-14"/>
      </object_component>
      <object_component id="oc-1e6">
         <name>.data</name>
         <load_address>0x802d218</load_address>
         <run_address>0x802d218</run_address>
         <size>0x4</size>
         <input_file_ref idref="fl-1f"/>
      </object_component>
      <object_component id="oc-34f">
         <name>.data</name>
         <load_address>0x802d1d0</load_address>
         <run_address>0x802d1d0</run_address>
         <size>0x10</size>
         <input_file_ref idref="fl-22"/>
      </object_component>
      <object_component id="oc-227">
         <name>.data</name>
         <load_address>0x802d200</load_address>
         <run_address>0x802d200</run_address>
         <size>0x8</size>
         <input_file_ref idref="fl-25"/>
      </object_component>
      <object_component id="oc-198">
         <name>.data</name>
         <load_address>0x802d1bc</load_address>
         <run_address>0x802d1bc</run_address>
         <size>0x14</size>
         <input_file_ref idref="fl-33"/>
      </object_component>
      <object_component id="oc-193">
         <name>.data:emacAddress</name>
         <load_address>0x802d208</load_address>
         <run_address>0x802d208</run_address>
         <size>0x6</size>
         <input_file_ref idref="fl-33"/>
      </object_component>
      <object_component id="oc-1a8">
         <name>.debug_info</name>
         <load_address>0x0</load_address>
         <run_address>0x0</run_address>
         <size>0x4f1</size>
         <input_file_ref idref="fl-2"/>
      </object_component>
      <object_component id="oc-1c5">
         <name>.debug_info</name>
         <load_address>0x4f1</load_address>
         <run_address>0x4f1</run_address>
         <size>0x30c</size>
         <input_file_ref idref="fl-2"/>
      </object_component>
      <object_component id="oc-201">
         <name>.debug_info</name>
         <load_address>0x7fd</load_address>
         <run_address>0x7fd</run_address>
         <size>0x26b</size>
         <input_file_ref idref="fl-2"/>
      </object_component>
      <object_component id="oc-b5">
         <name>.debug_info</name>
         <load_address>0xa68</load_address>
         <run_address>0xa68</run_address>
         <size>0x157</size>
         <input_file_ref idref="fl-2"/>
      </object_component>
      <object_component id="oc-259">
         <name>.debug_info</name>
         <load_address>0xbbf</load_address>
         <run_address>0xbbf</run_address>
         <size>0x791</size>
         <input_file_ref idref="fl-2"/>
      </object_component>
      <object_component id="oc-37b">
         <name>.debug_info</name>
         <load_address>0x1350</load_address>
         <run_address>0x1350</run_address>
         <size>0x395</size>
         <input_file_ref idref="fl-2"/>
      </object_component>
      <object_component id="oc-1bb">
         <name>.debug_info</name>
         <load_address>0x16e5</load_address>
         <run_address>0x16e5</run_address>
         <size>0xe1</size>
         <input_file_ref idref="fl-2"/>
      </object_component>
      <object_component id="oc-c7">
         <name>.debug_info</name>
         <load_address>0x17c6</load_address>
         <run_address>0x17c6</run_address>
         <size>0x8b</size>
         <input_file_ref idref="fl-2"/>
      </object_component>
      <object_component id="oc-2cb">
         <name>.debug_info</name>
         <load_address>0x1851</load_address>
         <run_address>0x1851</run_address>
         <size>0x2c</size>
         <input_file_ref idref="fl-2"/>
      </object_component>
      <object_component id="oc-3d5">
         <name>.debug_info</name>
         <load_address>0x187d</load_address>
         <run_address>0x187d</run_address>
         <size>0x2a4</size>
         <input_file_ref idref="fl-2"/>
      </object_component>
      <object_component id="oc-1b6">
         <name>.debug_info</name>
         <load_address>0x1b21</load_address>
         <run_address>0x1b21</run_address>
         <size>0xbb</size>
         <input_file_ref idref="fl-2"/>
      </object_component>
      <object_component id="oc-24c">
         <name>.debug_info</name>
         <load_address>0x1bdc</load_address>
         <run_address>0x1bdc</run_address>
         <size>0x2c</size>
         <input_file_ref idref="fl-2"/>
      </object_component>
      <object_component id="oc-cc">
         <name>.debug_info</name>
         <load_address>0x1c08</load_address>
         <run_address>0x1c08</run_address>
         <size>0x86</size>
         <input_file_ref idref="fl-2"/>
      </object_component>
      <object_component id="oc-268">
         <name>.debug_info</name>
         <load_address>0x1c8e</load_address>
         <run_address>0x1c8e</run_address>
         <size>0x35</size>
         <input_file_ref idref="fl-2"/>
      </object_component>
      <object_component id="oc-3fb">
         <name>.debug_info</name>
         <load_address>0x1cc3</load_address>
         <run_address>0x1cc3</run_address>
         <size>0x38f</size>
         <input_file_ref idref="fl-2"/>
      </object_component>
      <object_component id="oc-210">
         <name>.debug_info</name>
         <load_address>0x2052</load_address>
         <run_address>0x2052</run_address>
         <size>0x1f9</size>
         <input_file_ref idref="fl-2"/>
      </object_component>
      <object_component id="oc-4a2">
         <name>.debug_info</name>
         <load_address>0x224b</load_address>
         <run_address>0x224b</run_address>
         <size>0x12a</size>
         <input_file_ref idref="fl-2"/>
      </object_component>
      <object_component id="oc-277">
         <name>.debug_info</name>
         <load_address>0x2375</load_address>
         <run_address>0x2375</run_address>
         <size>0x3d3</size>
         <input_file_ref idref="fl-2"/>
      </object_component>
      <object_component id="oc-371">
         <name>.debug_info</name>
         <load_address>0x2748</load_address>
         <run_address>0x2748</run_address>
         <size>0x243</size>
         <input_file_ref idref="fl-2"/>
      </object_component>
      <object_component id="oc-3d0">
         <name>.debug_info</name>
         <load_address>0x298b</load_address>
         <run_address>0x298b</run_address>
         <size>0x18e</size>
         <input_file_ref idref="fl-2"/>
      </object_component>
      <object_component id="oc-376">
         <name>.debug_info</name>
         <load_address>0x2b19</load_address>
         <run_address>0x2b19</run_address>
         <size>0x14c</size>
         <input_file_ref idref="fl-2"/>
      </object_component>
      <object_component id="oc-43b">
         <name>.debug_info</name>
         <load_address>0x2c65</load_address>
         <run_address>0x2c65</run_address>
         <size>0x6d0</size>
         <input_file_ref idref="fl-3"/>
      </object_component>
      <object_component id="oc-441">
         <name>.debug_info</name>
         <load_address>0x3335</load_address>
         <run_address>0x3335</run_address>
         <size>0xf7</size>
         <input_file_ref idref="fl-3"/>
      </object_component>
      <object_component id="oc-444">
         <name>.debug_info</name>
         <load_address>0x342c</load_address>
         <run_address>0x342c</run_address>
         <size>0xf5</size>
         <input_file_ref idref="fl-3"/>
      </object_component>
      <object_component id="oc-43e">
         <name>.debug_info</name>
         <load_address>0x3521</load_address>
         <run_address>0x3521</run_address>
         <size>0x105</size>
         <input_file_ref idref="fl-3"/>
      </object_component>
      <object_component id="oc-2e2">
         <name>.debug_info</name>
         <load_address>0x3626</load_address>
         <run_address>0x3626</run_address>
         <size>0x857</size>
         <input_file_ref idref="fl-3"/>
      </object_component>
      <object_component id="oc-319">
         <name>.debug_info</name>
         <load_address>0x3e7d</load_address>
         <run_address>0x3e7d</run_address>
         <size>0x70c</size>
         <input_file_ref idref="fl-3"/>
      </object_component>
      <object_component id="oc-53">
         <name>.debug_info</name>
         <load_address>0x4589</load_address>
         <run_address>0x4589</run_address>
         <size>0x84</size>
         <input_file_ref idref="fl-3"/>
      </object_component>
      <object_component id="oc-2d1">
         <name>.debug_info</name>
         <load_address>0x460d</load_address>
         <run_address>0x460d</run_address>
         <size>0x46</size>
         <input_file_ref idref="fl-3"/>
      </object_component>
      <object_component id="oc-380">
         <name>.debug_info</name>
         <load_address>0x4653</load_address>
         <run_address>0x4653</run_address>
         <size>0x2c</size>
         <input_file_ref idref="fl-3"/>
      </object_component>
      <object_component id="oc-31e">
         <name>.debug_info</name>
         <load_address>0x467f</load_address>
         <run_address>0x467f</run_address>
         <size>0x53</size>
         <input_file_ref idref="fl-3"/>
      </object_component>
      <object_component id="oc-313">
         <name>.debug_info</name>
         <load_address>0x46d2</load_address>
         <run_address>0x46d2</run_address>
         <size>0xb1</size>
         <input_file_ref idref="fl-3"/>
      </object_component>
      <object_component id="oc-43c">
         <name>.debug_info</name>
         <load_address>0x4783</load_address>
         <run_address>0x4783</run_address>
         <size>0x236</size>
         <input_file_ref idref="fl-4"/>
      </object_component>
      <object_component id="oc-333">
         <name>.debug_info</name>
         <load_address>0x49b9</load_address>
         <run_address>0x49b9</run_address>
         <size>0x102</size>
         <input_file_ref idref="fl-4"/>
      </object_component>
      <object_component id="oc-2d6">
         <name>.debug_info</name>
         <load_address>0x4abb</load_address>
         <run_address>0x4abb</run_address>
         <size>0x46</size>
         <input_file_ref idref="fl-4"/>
      </object_component>
      <object_component id="oc-188">
         <name>.debug_info</name>
         <load_address>0x4b01</load_address>
         <run_address>0x4b01</run_address>
         <size>0xa65</size>
         <input_file_ref idref="fl-6"/>
      </object_component>
      <object_component id="oc-448">
         <name>.debug_info</name>
         <load_address>0x5566</load_address>
         <run_address>0x5566</run_address>
         <size>0xf7</size>
         <input_file_ref idref="fl-6"/>
      </object_component>
      <object_component id="oc-44b">
         <name>.debug_info</name>
         <load_address>0x565d</load_address>
         <run_address>0x565d</run_address>
         <size>0xe4</size>
         <input_file_ref idref="fl-6"/>
      </object_component>
      <object_component id="oc-2ea">
         <name>.debug_info</name>
         <load_address>0x5741</load_address>
         <run_address>0x5741</run_address>
         <size>0x164f</size>
         <input_file_ref idref="fl-6"/>
      </object_component>
      <object_component id="oc-318">
         <name>.debug_info</name>
         <load_address>0x6d90</load_address>
         <run_address>0x6d90</run_address>
         <size>0xa70</size>
         <input_file_ref idref="fl-7"/>
      </object_component>
      <object_component id="oc-2f9">
         <name>.debug_info</name>
         <load_address>0x7800</load_address>
         <run_address>0x7800</run_address>
         <size>0x15e</size>
         <input_file_ref idref="fl-7"/>
      </object_component>
      <object_component id="oc-307">
         <name>.debug_info</name>
         <load_address>0x795e</load_address>
         <run_address>0x795e</run_address>
         <size>0xe7</size>
         <input_file_ref idref="fl-7"/>
      </object_component>
      <object_component id="oc-30a">
         <name>.debug_info</name>
         <load_address>0x7a45</load_address>
         <run_address>0x7a45</run_address>
         <size>0xf3</size>
         <input_file_ref idref="fl-7"/>
      </object_component>
      <object_component id="oc-30d">
         <name>.debug_info</name>
         <load_address>0x7b38</load_address>
         <run_address>0x7b38</run_address>
         <size>0xfd</size>
         <input_file_ref idref="fl-7"/>
      </object_component>
      <object_component id="oc-2fe">
         <name>.debug_info</name>
         <load_address>0x7c35</load_address>
         <run_address>0x7c35</run_address>
         <size>0x10c</size>
         <input_file_ref idref="fl-7"/>
      </object_component>
      <object_component id="oc-310">
         <name>.debug_info</name>
         <load_address>0x7d41</load_address>
         <run_address>0x7d41</run_address>
         <size>0x10b</size>
         <input_file_ref idref="fl-7"/>
      </object_component>
      <object_component id="oc-301">
         <name>.debug_info</name>
         <load_address>0x7e4c</load_address>
         <run_address>0x7e4c</run_address>
         <size>0xf9</size>
         <input_file_ref idref="fl-7"/>
      </object_component>
      <object_component id="oc-304">
         <name>.debug_info</name>
         <load_address>0x7f45</load_address>
         <run_address>0x7f45</run_address>
         <size>0xe3</size>
         <input_file_ref idref="fl-7"/>
      </object_component>
      <object_component id="oc-15a">
         <name>.debug_info</name>
         <load_address>0x8028</load_address>
         <run_address>0x8028</run_address>
         <size>0x3216</size>
         <input_file_ref idref="fl-7"/>
      </object_component>
      <object_component id="oc-323">
         <name>.debug_info</name>
         <load_address>0xb23e</load_address>
         <run_address>0xb23e</run_address>
         <size>0xda</size>
         <input_file_ref idref="fl-7"/>
      </object_component>
      <object_component id="oc-1ed">
         <name>.debug_info</name>
         <load_address>0xb318</load_address>
         <run_address>0xb318</run_address>
         <size>0x8c9</size>
         <input_file_ref idref="fl-8"/>
      </object_component>
      <object_component id="oc-455">
         <name>.debug_info</name>
         <load_address>0xbbe1</load_address>
         <run_address>0xbbe1</run_address>
         <size>0x175</size>
         <input_file_ref idref="fl-8"/>
      </object_component>
      <object_component id="oc-458">
         <name>.debug_info</name>
         <load_address>0xbd56</load_address>
         <run_address>0xbd56</run_address>
         <size>0xdf</size>
         <input_file_ref idref="fl-8"/>
      </object_component>
      <object_component id="oc-2ed">
         <name>.debug_info</name>
         <load_address>0xbe35</load_address>
         <run_address>0xbe35</run_address>
         <size>0x663</size>
         <input_file_ref idref="fl-8"/>
      </object_component>
      <object_component id="oc-3bd">
         <name>.debug_info</name>
         <load_address>0xc498</load_address>
         <run_address>0xc498</run_address>
         <size>0x63</size>
         <input_file_ref idref="fl-8"/>
      </object_component>
      <object_component id="oc-206">
         <name>.debug_info</name>
         <load_address>0xc4fb</load_address>
         <run_address>0xc4fb</run_address>
         <size>0x515</size>
         <input_file_ref idref="fl-8"/>
      </object_component>
      <object_component id="oc-20b">
         <name>.debug_info</name>
         <load_address>0xca10</load_address>
         <run_address>0xca10</run_address>
         <size>0x435</size>
         <input_file_ref idref="fl-8"/>
      </object_component>
      <object_component id="oc-28b">
         <name>.debug_info</name>
         <load_address>0xce45</load_address>
         <run_address>0xce45</run_address>
         <size>0x551</size>
         <input_file_ref idref="fl-8"/>
      </object_component>
      <object_component id="oc-3ee">
         <name>.debug_info</name>
         <load_address>0xd396</load_address>
         <run_address>0xd396</run_address>
         <size>0x4c</size>
         <input_file_ref idref="fl-8"/>
      </object_component>
      <object_component id="oc-215">
         <name>.debug_info</name>
         <load_address>0xd3e2</load_address>
         <run_address>0xd3e2</run_address>
         <size>0x6a6</size>
         <input_file_ref idref="fl-8"/>
      </object_component>
      <object_component id="oc-21a">
         <name>.debug_info</name>
         <load_address>0xda88</load_address>
         <run_address>0xda88</run_address>
         <size>0x13e</size>
         <input_file_ref idref="fl-8"/>
      </object_component>
      <object_component id="oc-238">
         <name>.debug_info</name>
         <load_address>0xdbc6</load_address>
         <run_address>0xdbc6</run_address>
         <size>0x2fe</size>
         <input_file_ref idref="fl-9"/>
      </object_component>
      <object_component id="oc-c2">
         <name>.debug_info</name>
         <load_address>0xdec4</load_address>
         <run_address>0xdec4</run_address>
         <size>0x18c</size>
         <input_file_ref idref="fl-9"/>
      </object_component>
      <object_component id="oc-21f">
         <name>.debug_info</name>
         <load_address>0xe050</load_address>
         <run_address>0xe050</run_address>
         <size>0x2d0</size>
         <input_file_ref idref="fl-9"/>
      </object_component>
      <object_component id="oc-40a">
         <name>.debug_info</name>
         <load_address>0xe320</load_address>
         <run_address>0xe320</run_address>
         <size>0x2ed</size>
         <input_file_ref idref="fl-a"/>
      </object_component>
      <object_component id="oc-26d">
         <name>.debug_info</name>
         <load_address>0xe60d</load_address>
         <run_address>0xe60d</run_address>
         <size>0x437</size>
         <input_file_ref idref="fl-a"/>
      </object_component>
      <object_component id="oc-4d3">
         <name>.debug_info</name>
         <load_address>0xea44</load_address>
         <run_address>0xea44</run_address>
         <size>0x15f</size>
         <input_file_ref idref="fl-a"/>
      </object_component>
      <object_component id="oc-bb">
         <name>.debug_info</name>
         <load_address>0xeba3</load_address>
         <run_address>0xeba3</run_address>
         <size>0xee</size>
         <input_file_ref idref="fl-c"/>
      </object_component>
      <object_component id="oc-a9">
         <name>.debug_info</name>
         <load_address>0xec91</load_address>
         <run_address>0xec91</run_address>
         <size>0x64d</size>
         <input_file_ref idref="fl-f"/>
      </object_component>
      <object_component id="oc-1fc">
         <name>.debug_info</name>
         <load_address>0xf2de</load_address>
         <run_address>0xf2de</run_address>
         <size>0xd0</size>
         <input_file_ref idref="fl-f"/>
      </object_component>
      <object_component id="oc-a4">
         <name>.debug_info</name>
         <load_address>0xf3ae</load_address>
         <run_address>0xf3ae</run_address>
         <size>0x3071</size>
         <input_file_ref idref="fl-f"/>
      </object_component>
      <object_component id="oc-27">
         <name>.debug_info</name>
         <load_address>0x1241f</load_address>
         <run_address>0x1241f</run_address>
         <size>0x21b</size>
         <input_file_ref idref="fl-f"/>
      </object_component>
      <object_component id="oc-4b2">
         <name>.debug_info</name>
         <load_address>0x1263a</load_address>
         <run_address>0x1263a</run_address>
         <size>0x276</size>
         <input_file_ref idref="fl-10"/>
      </object_component>
      <object_component id="oc-38b">
         <name>.debug_info</name>
         <load_address>0x128b0</load_address>
         <run_address>0x128b0</run_address>
         <size>0x18e</size>
         <input_file_ref idref="fl-10"/>
      </object_component>
      <object_component id="oc-51e">
         <name>.debug_info</name>
         <load_address>0x12a3e</load_address>
         <run_address>0x12a3e</run_address>
         <size>0x1c8</size>
         <input_file_ref idref="fl-10"/>
      </object_component>
      <object_component id="oc-254">
         <name>.debug_info</name>
         <load_address>0x12c06</load_address>
         <run_address>0x12c06</run_address>
         <size>0x2ad</size>
         <input_file_ref idref="fl-12"/>
      </object_component>
      <object_component id="oc-76">
         <name>.debug_info</name>
         <load_address>0x12eb3</load_address>
         <run_address>0x12eb3</run_address>
         <size>0x62e</size>
         <input_file_ref idref="fl-12"/>
      </object_component>
      <object_component id="oc-f3">
         <name>.debug_info</name>
         <load_address>0x134e1</load_address>
         <run_address>0x134e1</run_address>
         <size>0x9e7</size>
         <input_file_ref idref="fl-12"/>
      </object_component>
      <object_component id="oc-10e">
         <name>.debug_info</name>
         <load_address>0x13ec8</load_address>
         <run_address>0x13ec8</run_address>
         <size>0x305</size>
         <input_file_ref idref="fl-13"/>
      </object_component>
      <object_component id="oc-8e">
         <name>.debug_info</name>
         <load_address>0x141cd</load_address>
         <run_address>0x141cd</run_address>
         <size>0xb1a</size>
         <input_file_ref idref="fl-13"/>
      </object_component>
      <object_component id="oc-2e">
         <name>.debug_info</name>
         <load_address>0x14ce7</load_address>
         <run_address>0x14ce7</run_address>
         <size>0x17a</size>
         <input_file_ref idref="fl-13"/>
      </object_component>
      <object_component id="oc-22d">
         <name>.debug_info</name>
         <load_address>0x14e61</load_address>
         <run_address>0x14e61</run_address>
         <size>0x1de</size>
         <input_file_ref idref="fl-13"/>
      </object_component>
      <object_component id="oc-109">
         <name>.debug_info</name>
         <load_address>0x1503f</load_address>
         <run_address>0x1503f</run_address>
         <size>0x129</size>
         <input_file_ref idref="fl-13"/>
      </object_component>
      <object_component id="oc-18a">
         <name>.debug_info</name>
         <load_address>0x15168</load_address>
         <run_address>0x15168</run_address>
         <size>0x7be</size>
         <input_file_ref idref="fl-14"/>
      </object_component>
      <object_component id="oc-32a">
         <name>.debug_info</name>
         <load_address>0x15926</load_address>
         <run_address>0x15926</run_address>
         <size>0xc9</size>
         <input_file_ref idref="fl-14"/>
      </object_component>
      <object_component id="oc-32d">
         <name>.debug_info</name>
         <load_address>0x159ef</load_address>
         <run_address>0x159ef</run_address>
         <size>0xc9</size>
         <input_file_ref idref="fl-14"/>
      </object_component>
      <object_component id="oc-330">
         <name>.debug_info</name>
         <load_address>0x15ab8</load_address>
         <run_address>0x15ab8</run_address>
         <size>0xc9</size>
         <input_file_ref idref="fl-14"/>
      </object_component>
      <object_component id="oc-15e">
         <name>.debug_info</name>
         <load_address>0x15b81</load_address>
         <run_address>0x15b81</run_address>
         <size>0x58a</size>
         <input_file_ref idref="fl-14"/>
      </object_component>
      <object_component id="oc-369">
         <name>.debug_info</name>
         <load_address>0x1610b</load_address>
         <run_address>0x1610b</run_address>
         <size>0x2a2</size>
         <input_file_ref idref="fl-15"/>
      </object_component>
      <object_component id="oc-17c">
         <name>.debug_info</name>
         <load_address>0x163ad</load_address>
         <run_address>0x163ad</run_address>
         <size>0x2714</size>
         <input_file_ref idref="fl-15"/>
      </object_component>
      <object_component id="oc-1c0">
         <name>.debug_info</name>
[...]
         <value>0x10e28</value>
         <object_component_ref idref="oc-94"/>
      </symbol>
      <symbol id="sm-1023">
         <name>emifSetOutputOld</name>
         <value>0x10fa4</value>
         <object_component_ref idref="oc-94"/>
      </symbol>
      <symbol id="sm-1024">
         <name>emacAddress</name>
         <value>0x802d208</value>
         <object_component_ref idref="oc-193"/>
      </symbol>
      <symbol id="sm-1025">
         <name>vApplicationMallocFailedHook</name>
         <value>0x1065c</value>
         <object_component_ref idref="oc-94"/>
      </symbol>
      <symbol id="sm-103e">
         <name>phantomInterrupt</name>
         <value>0x19e20</value>
         <object_component_ref idref="oc-38"/>
      </symbol>
      <symbol id="sm-1048">
         <name>_pmuResetCounters_</name>
         <value>0x19a38</value>
         <object_component_ref idref="oc-101"/>
      </symbol>
      <symbol id="sm-1049">
         <name>_pmuGetEventCount_</name>
         <value>0x19a6c</value>
         <object_component_ref idref="oc-101"/>
      </symbol>
      <symbol id="sm-104a">
         <name>_pmuResetEventCounters_</name>
         <value>0x19a28</value>
         <object_component_ref idref="oc-101"/>
      </symbol>
      <symbol id="sm-104b">
         <name>_pmuStopCounters_</name>
         <value>0x19a50</value>
         <object_component_ref idref="oc-101"/>
      </symbol>
      <symbol id="sm-104c">
         <name>_pmuInit_</name>
         <value>0x199ac</value>
         <object_component_ref idref="oc-101"/>
      </symbol>
      <symbol id="sm-104d">
         <name>_pmuGetOverflow_</name>
         <value>0x19a78</value>
         <object_component_ref idref="oc-101"/>
      </symbol>
      <symbol id="sm-104e">
         <name>_pmuResetCycleCounter_</name>
         <value>0x19a18</value>
         <object_component_ref idref="oc-101"/>
      </symbol>
      <symbol id="sm-104f">
         <name>_pmuSetCountEvent_</name>
         <value>0x19a58</value>
         <object_component_ref idref="oc-101"/>
      </symbol>
      <symbol id="sm-1050">
         <name>_pmuGetCycleCount_</name>
         <value>0x19a64</value>
         <object_component_ref idref="oc-101"/>
      </symbol>
      <symbol id="sm-1051">
         <name>_pmuEnableCountersGlobal_</name>
         <value>0x199f8</value>
         <object_component_ref idref="oc-101"/>
      </symbol>
      <symbol id="sm-1052">
         <name>_pmuDisableCountersGlobal_</name>
         <value>0x19a08</value>
         <object_component_ref idref="oc-101"/>
      </symbol>
      <symbol id="sm-1053">
         <name>_pmuStartCounters_</name>
         <value>0x19a48</value>
         <object_component_ref idref="oc-101"/>
      </symbol>
      <symbol id="sm-1213">
         <name>pbistSelfCheck</name>
         <value>0x82cc</value>
         <object_component_ref idref="oc-87"/>
      </symbol>
      <symbol id="sm-1214">
         <name>fmcBus1ParityCheck</name>
         <value>0xa2c4</value>
         <object_component_ref idref="oc-87"/>
      </symbol>
      <symbol id="sm-1215">
         <name>can1ParityCheck</name>
         <value>0x9410</value>
         <object_component_ref idref="oc-87"/>
      </symbol>
      <symbol id="sm-1216">
         <name>enableParity</name>
         <value>0xaad0</value>
         <object_component_ref idref="oc-87"/>
      </symbol>
      <symbol id="sm-1217">
         <name>dmaParityCheck</name>
         <value>0x8eac</value>
         <object_component_ref idref="oc-87"/>
      </symbol>
      <symbol id="sm-1218">
         <name>custom_dabort</name>
         <value>0x8df4</value>
         <object_component_ref idref="oc-87"/>
      </symbol>
      <symbol id="sm-1219">
         <name>memoryInit</name>
         <value>0x8174</value>
         <object_component_ref idref="oc-87"/>
      </symbol>
      <symbol id="sm-121a">
         <name>stcSelfCheck</name>
         <value>0x81b8</value>
         <object_component_ref idref="oc-87"/>
      </symbol>
      <symbol id="sm-121b">
         <name>efcGetConfigValue</name>
         <value>0xa660</value>
         <object_component_ref idref="oc-87"/>
      </symbol>
      <symbol id="sm-121c">
         <name>can2ParityCheck</name>
         <value>0x94e8</value>
         <object_component_ref idref="oc-87"/>
      </symbol>
      <symbol id="sm-121d">
         <name>het1ParityCheck</name>
         <value>0x8f58</value>
         <object_component_ref idref="oc-87"/>
      </symbol>
      <symbol id="sm-121e">
         <name>adc1ParityCheck</name>
         <value>0x926c</value>
         <object_component_ref idref="oc-87"/>
      </symbol>
      <symbol id="sm-121f">
         <name>checkefcSelfTest</name>
         <value>0x87bc</value>
         <object_component_ref idref="oc-87"/>
      </symbol>
      <symbol id="sm-1220">
         <name>checkRAMECC</name>
         <value>0x99d0</value>
         <object_component_ref idref="oc-87"/>
      </symbol>
      <symbol id="sm-1221">
         <name>stcSelfCheckFail</name>
         <value>0x8df8</value>
         <object_component_ref idref="oc-87"/>
      </symbol>
      <symbol id="sm-1222">
         <name>ccmSelfCheck</name>
         <value>0x8030</value>
         <object_component_ref idref="oc-87"/>
      </symbol>
      <symbol id="sm-1223">
         <name>efcCheck</name>
         <value>0x8660</value>
         <object_component_ref idref="oc-87"/>
      </symbol>
      <symbol id="sm-1224">
         <name>het2ParityCheck</name>
         <value>0x90c0</value>
         <object_component_ref idref="oc-87"/>
      </symbol>
      <symbol id="sm-1225">
         <name>adc2ParityCheck</name>
         <value>0x9358</value>
         <object_component_ref idref="oc-87"/>
      </symbol>
      <symbol id="sm-1226">
         <name>cpuSelfTest</name>
         <value>0x8234</value>
         <object_component_ref idref="oc-87"/>
      </symbol>
      <symbol id="sm-1227">
         <name>htu1ParityCheck</name>
         <value>0x9004</value>
         <object_component_ref idref="oc-87"/>
      </symbol>
      <symbol id="sm-1228">
         <name>checkFlashECC</name>
         <value>0x8d18</value>
         <object_component_ref idref="oc-87"/>
      </symbol>
      <symbol id="sm-1229">
         <name>cpuSelfTestFail</name>
         <value>0x8dfc</value>
         <object_component_ref idref="oc-87"/>
      </symbol>
      <symbol id="sm-122a">
         <name>checkPLL1Slip</name>
         <value>0x9e8c</value>
         <object_component_ref idref="oc-87"/>
      </symbol>
      <symbol id="sm-122b">
         <name>mibspi1ParityCheck</name>
         <value>0x9684</value>
         <object_component_ref idref="oc-87"/>
      </symbol>
      <symbol id="sm-122c">
         <name>ccmr4GetConfigValue</name>
         <value>0xa6fc</value>
         <object_component_ref idref="oc-87"/>
      </symbol>
      <symbol id="sm-122d">
         <name>htu2ParityCheck</name>
         <value>0x91bc</value>
         <object_component_ref idref="oc-87"/>
      </symbol>
      <symbol id="sm-122e">
         <name>pbistPortTestStatus</name>
         <value>0x8608</value>
         <object_component_ref idref="oc-87"/>
      </symbol>
      <symbol id="sm-122f">
         <name>checkFlashEEPROMECC</name>
         <value>0x9cf4</value>
         <object_component_ref idref="oc-87"/>
      </symbol>
      <symbol id="sm-1230">
         <name>pbistGetConfigValue</name>
         <value>0xa470</value>
         <object_component_ref idref="oc-87"/>
      </symbol>
      <symbol id="sm-1231">
         <name>vimParityCheck</name>
         <value>0x8e00</value>
         <object_component_ref idref="oc-87"/>
      </symbol>
      <symbol id="sm-1232">
         <name>pbistIsTestCompleted</name>
         <value>0x85a8</value>
         <object_component_ref idref="oc-87"/>
      </symbol>
      <symbol id="sm-1233">
         <name>disableParity</name>
         <value>0xab58</value>
         <object_component_ref idref="oc-87"/>
      </symbol>
      <symbol id="sm-1234">
         <name>pbistRun</name>
         <value>0x84ac</value>
         <object_component_ref idref="oc-87"/>
      </symbol>
      <symbol id="sm-1235">
         <name>pbistFail</name>
         <value>0xa3ec</value>
         <object_component_ref idref="oc-87"/>
      </symbol>
      <symbol id="sm-1236">
         <name>selftestFailNotification</name>
         <value>0x8020</value>
         <object_component_ref idref="oc-87"/>
      </symbol>
      <symbol id="sm-1237">
         <name>errata_PBIST_4</name>
         <value>0xa76c</value>
         <object_component_ref idref="oc-87"/>
      </symbol>
      <symbol id="sm-1238">
         <name>mibspi3ParityCheck</name>
         <value>0x978c</value>
         <object_component_ref idref="oc-87"/>
      </symbol>
      <symbol id="sm-1239">
         <name>efcSelfTest</name>
         <value>0x8794</value>
         <object_component_ref idref="oc-87"/>
      </symbol>
      <symbol id="sm-123a">
         <name>checkB1RAMECC</name>
         <value>0x8b28</value>
         <object_component_ref idref="oc-87"/>
      </symbol>
      <symbol id="sm-123b">
         <name>pbistStop</name>
         <value>0x8578</value>
         <object_component_ref idref="oc-87"/>
      </symbol>
      <symbol id="sm-123c">
         <name>can3ParityCheck</name>
         <value>0x95b0</value>
         <object_component_ref idref="oc-87"/>
      </symbol>
      <symbol id="sm-123d">
         <name>checkRAMAddrParity</name>
         <value>0xa050</value>
         <object_component_ref idref="oc-87"/>
      </symbol>
      <symbol id="sm-123e">
         <name>mibspi5ParityCheck</name>
         <value>0x98b0</value>
         <object_component_ref idref="oc-87"/>
      </symbol>
      <symbol id="sm-123f">
         <name>checkB0RAMECC</name>
         <value>0x8938</value>
         <object_component_ref idref="oc-87"/>
      </symbol>
      <symbol id="sm-1240">
         <name>stcGetConfigValue</name>
         <value>0xa5bc</value>
         <object_component_ref idref="oc-87"/>
      </symbol>
      <symbol id="sm-1241">
         <name>pbistIsTestPassed</name>
         <value>0x85d4</value>
         <object_component_ref idref="oc-87"/>
      </symbol>
      <symbol id="sm-1242">
         <name>checkClockMonitor</name>
         <value>0x9c18</value>
         <object_component_ref idref="oc-87"/>
      </symbol>
      <symbol id="sm-1243">
         <name>fmcECCcheck</name>
         <value>0x8898</value>
         <object_component_ref idref="oc-87"/>
      </symbol>
      <symbol id="sm-1244">
         <name>fmcBus2Check</name>
         <value>0x885c</value>
         <object_component_ref idref="oc-87"/>
      </symbol>
      <symbol id="sm-1245">
         <name>checkRAMUERRTest</name>
         <value>0xa15c</value>
         <object_component_ref idref="oc-87"/>
      </symbol>
      <symbol id="sm-1246">
         <name>efcStuckZeroTest</name>
         <value>0x86e8</value>
         <object_component_ref idref="oc-87"/>
      </symbol>
      <symbol id="sm-1247">
         <name>checkPLL2Slip</name>
         <value>0x9f8c</value>
         <object_component_ref idref="oc-87"/>
      </symbol>
      <symbol id="sm-1279">
         <name>_c_int00</name>
         <value>0x189d4</value>
         <object_component_ref idref="oc-1e"/>
      </symbol>
      <symbol id="sm-127a">
         <name>handlePLLLockFail</name>
         <value>0x19e24</value>
         <object_component_ref idref="oc-7b"/>
      </symbol>
      <symbol id="sm-132a">
         <name>vimChannelMap</name>
         <value>0x139dc</value>
         <object_component_ref idref="oc-3f"/>
      </symbol>
      <symbol id="sm-132b">
         <name>vimInit</name>
         <value>0x13908</value>
         <object_component_ref idref="oc-3f"/>
      </symbol>
      <symbol id="sm-132c">
         <name>vimEnableInterrupt</name>
         <value>0x13a80</value>
         <object_component_ref idref="oc-3f"/>
      </symbol>
      <symbol id="sm-132d">
         <name>vimDisableInterrupt</name>
         <value>0x13c48</value>
         <object_component_ref idref="oc-3f"/>
      </symbol>
      <symbol id="sm-132e">
         <name>vimGetConfigValue</name>
         <value>0x13cf4</value>
         <object_component_ref idref="oc-3f"/>
      </symbol>
      <symbol id="sm-132f">
         <name>vimParityErrorHandler</name>
         <value>0x18464</value>
         <object_component_ref idref="oc-3e"/>
      </symbol>
      <symbol id="sm-138a">
         <name>systemGetConfigValue</name>
         <value>0x13130</value>
         <object_component_ref idref="oc-81"/>
      </symbol>
      <symbol id="sm-138b">
         <name>trimLPO</name>
         <value>0x12e04</value>
         <object_component_ref idref="oc-81"/>
      </symbol>
      <symbol id="sm-138c">
         <name>systemInit</name>
         <value>0x13034</value>
         <object_component_ref idref="oc-81"/>
      </symbol>
      <symbol id="sm-138d">
         <name>customTrimLPO</name>
         <value>0x1382c</value>
         <object_component_ref idref="oc-81"/>
      </symbol>
      <symbol id="sm-138e">
         <name>tcmflashGetConfigValue</name>
         <value>0x13544</value>
         <object_component_ref idref="oc-81"/>
      </symbol>
      <symbol id="sm-138f">
         <name>sramGetConfigValue</name>
         <value>0x136f0</value>
         <object_component_ref idref="oc-81"/>
      </symbol>
      <symbol id="sm-1390">
         <name>periphInit</name>
         <value>0x12eb8</value>
         <object_component_ref idref="oc-81"/>
      </symbol>
      <symbol id="sm-1391">
         <name>setupFlash</name>
         <value>0x12e78</value>
         <object_component_ref idref="oc-81"/>
      </symbol>
      <symbol id="sm-1392">
         <name>setupPLL</name>
         <value>0x12da4</value>
         <object_component_ref idref="oc-81"/>
      </symbol>
      <symbol id="sm-1393">
         <name>mapClocks</name>
         <value>0x12f0c</value>
         <object_component_ref idref="oc-81"/>
      </symbol>
      <symbol id="sm-1394">
         <name>systemPowerDown</name>
         <value>0x13100</value>
         <object_component_ref idref="oc-81"/>
      </symbol>
      <symbol id="sm-13ad">
         <name>UARTwrite</name>
         <value>0x196ec</value>
         <object_component_ref idref="oc-14b"/>
      </symbol>
      <symbol id="sm-13d9">
         <name>floorl</name>
         <value>0x198cd</value>
         <object_component_ref idref="oc-35c"/>
      </symbol>
      <symbol id="sm-13da">
         <name>floor</name>
         <value>0x198cd</value>
         <object_component_ref idref="oc-35c"/>
      </symbol>
      <symbol id="sm-13f8">
         <name>memcpy</name>
         <value>0x19b59</value>
         <object_component_ref idref="oc-58"/>
      </symbol>
      <symbol id="sm-13f9">
         <name>__aeabi_memcpy</name>
         <value>0x19b59</value>
         <object_component_ref idref="oc-58"/>
      </symbol>
      <symbol id="sm-13fa">
         <name>__aeabi_memcpy8</name>
         <value>0x19b59</value>
         <object_component_ref idref="oc-58"/>
      </symbol>
      <symbol id="sm-13fb">
         <name>__aeabi_memcpy4</name>
         <value>0x19b59</value>
         <object_component_ref idref="oc-58"/>
      </symbol>
      <symbol id="sm-1407">
         <name>__aeabi_idivmod</name>
         <value>0x19cdc</value>
         <object_component_ref idref="oc-44f"/>
      </symbol>
      <symbol id="sm-1408">
         <name>__aeabi_idiv</name>
         <value>0x19cdc</value>
         <object_component_ref idref="oc-44f"/>
      </symbol>
      <symbol id="sm-1414">
         <name>__aeabi_uidivmod</name>
         <value>0x19d30</value>
         <object_component_ref idref="oc-2ae"/>
      </symbol>
      <symbol id="sm-1415">
         <name>__aeabi_uidiv</name>
         <value>0x19d30</value>
         <object_component_ref idref="oc-2ae"/>
      </symbol>
      <symbol id="sm-1425">
         <name>__aeabi_memset</name>
         <value>0x19bf7</value>
         <object_component_ref idref="oc-eb"/>
      </symbol>
      <symbol id="sm-1426">
         <name>memset</name>
         <value>0x19bfd</value>
         <object_component_ref idref="oc-eb"/>
      </symbol>
      <symbol id="sm-1427">
         <name>__aeabi_memset8</name>
         <value>0x19bf7</value>
         <object_component_ref idref="oc-eb"/>
      </symbol>
      <symbol id="sm-1428">
         <name>__aeabi_memset4</name>
         <value>0x19bf7</value>
         <object_component_ref idref="oc-eb"/>
      </symbol>
      <symbol id="sm-1429">
         <name>__aeabi_memclr8</name>
         <value>0x19bf5</value>
         <object_component_ref idref="oc-eb"/>
      </symbol>
      <symbol id="sm-142a">
         <name>__aeabi_memclr4</name>
         <value>0x19bf5</value>
         <object_component_ref idref="oc-eb"/>
      </symbol>
      <symbol id="sm-142b">
         <name>__aeabi_memclr</name>
         <value>0x19bf5</value>
         <object_component_ref idref="oc-eb"/>
      </symbol>
      <symbol id="sm-1453">
         <name>__TI_auto_init_nobinit_nopinit</name>
         <value>0x19d81</value>
         <object_component_ref idref="oc-10f"/>
      </symbol>
      <symbol id="sm-1466">
         <name>__TI_zero_init</name>
         <value>0x19e0f</value>
         <object_component_ref idref="oc-6a"/>
      </symbol>
      <symbol id="sm-147d">
         <name>__TI_decompress_none</name>
         <value>0x19e01</value>
         <object_component_ref idref="oc-17"/>
      </symbol>
      <symbol id="sm-14a0">
         <name>__TI_decompress_lzss</name>
         <value>0x19c6f</value>
         <object_component_ref idref="oc-11"/>
      </symbol>
      <symbol id="sm-14ab">
         <name>C$$EXIT</name>
         <value>0x19e1b</value>
         <object_component_ref idref="oc-1d4"/>
      </symbol>
      <symbol id="sm-14ac">
         <name>abort</name>
         <value>0x19e1b</value>
         <object_component_ref idref="oc-1d4"/>
      </symbol>
      <symbol id="sm-14c3">
         <name>memcmp</name>
         <value>0x19dc5</value>
         <object_component_ref idref="oc-2f2"/>
      </symbol>
      <symbol id="sm-14d8">
         <name>_sys_memory</name>
         <value>0x6398</value>
         <object_component_ref idref="oc-4a"/>
      </symbol>
      <symbol id="sm-14e8">
         <name>strlen</name>
         <value>0x19deb</value>
         <object_component_ref idref="oc-145"/>
      </symbol>
      <symbol id="sm-14f9">
         <name>__aeabi_idiv0</name>
         <value>0x19cdb</value>
         <object_component_ref idref="oc-41f"/>
      </symbol>
      <symbol id="sm-14fa">
         <name>__aeabi_ldiv0</name>
         <value>0x19cdb</value>
         <object_component_ref idref="oc-41f"/>
      </symbol>
      <symbol id="sm-150c">
         <name>__TI_static_base__</name>
         <value>0x0</value>
      </symbol>
      <symbol id="sm-1510">
         <name>SHT$$INIT_ARRAY$$Base</name>
         <value>0x0</value>
      </symbol>
      <symbol id="sm-1511">
         <name>SHT$$INIT_ARRAY$$Limit</name>
         <value>0x0</value>
      </symbol>
      <symbol id="sm-1512">
         <name>_system_post_cinit</name>
         <value>0x0</value>
      </symbol>
   </symbol_table>
   <title>Link successful</title>
</link_info>
