<?xml version="1.0" encoding="ISO-8859-1" ?>
<link_info>
   <banner>TI ARM Linker PC v20.2.5.LTS</banner>
   <copyright>Copyright (c) 1996-2018 Texas Instruments Incorporated</copyright>
   <link_time>0x6675e1f0</link_time>
   <link_errors>0x0</link_errors>
   <output_file>HelloWorld_RM46.out</output_file>
   <entry_point>
      <name>_c_int00</name>
      <address>0x19d6c</address>
   </entry_point>
   <input_file_list>
      <input_file id="fl-2">
         <path>.\CustomApp\source\</path>
         <kind>object</kind>
         <file>led_demo.obj</file>
         <name>led_demo.obj</name>
      </input_file>
      <input_file id="fl-3">
         <path>.\FreeRTOS+UDP\source\</path>
         <kind>object</kind>
         <file>BufferAllocation_2.obj</file>
         <name>BufferAllocation_2.obj</name>
      </input_file>
      <input_file id="fl-4">
         <path>.\FreeRTOS+UDP\source\</path>
         <kind>object</kind>
         <file>FreeRTOS_DHCP.obj</file>
         <name>FreeRTOS_DHCP.obj</name>
      </input_file>
      <input_file id="fl-5">
         <path>.\FreeRTOS+UDP\source\</path>
         <kind>object</kind>
         <file>FreeRTOS_DNS.obj</file>
         <name>FreeRTOS_DNS.obj</name>
      </input_file>
      <input_file id="fl-6">
         <path>.\FreeRTOS+UDP\source\</path>
         <kind>object</kind>
         <file>FreeRTOS_Sockets.obj</file>
         <name>FreeRTOS_Sockets.obj</name>
      </input_file>
      <input_file id="fl-7">
         <path>.\FreeRTOS+UDP\source\</path>
         <kind>object</kind>
         <file>FreeRTOS_UDP_IP.obj</file>
         <name>FreeRTOS_UDP_IP.obj</name>
      </input_file>
      <input_file id="fl-8">
         <path>.\FreeRTOS+UDP\source\</path>
         <kind>object</kind>
         <file>NetworkInterface.obj</file>
         <name>NetworkInterface.obj</name>
      </input_file>
      <input_file id="fl-9">
         <path>.\source\</path>
         <kind>object</kind>
         <file>adc.obj</file>
         <name>adc.obj</name>
      </input_file>
      <input_file id="fl-a">
         <path>.\source\</path>
         <kind>object</kind>
         <file>can.obj</file>
         <name>can.obj</name>
      </input_file>
      <input_file id="fl-b">
         <path>.\source\</path>
         <kind>object</kind>
         <file>crc.obj</file>
         <name>crc.obj</name>
      </input_file>
      <input_file id="fl-c">
         <path>.\source\</path>
         <kind>object</kind>
         <file>dabort.obj</file>
         <name>dabort.obj</name>
      </input_file>
      <input_file id="fl-d">
         <path>.\source\</path>
         <kind>object</kind>
         <file>dcc.obj</file>
         <name>dcc.obj</name>
      </input_file>
      <input_file id="fl-e">
         <path>.\source\</path>
         <kind>object</kind>
         <file>ecap.obj</file>
         <name>ecap.obj</name>
      </input_file>
      <input_file id="fl-f">
         <path>.\source\</path>
         <kind>object</kind>
         <file>emac.obj</file>
         <name>emac.obj</name>
      </input_file>
      <input_file id="fl-10">
         <path>.\source\</path>
         <kind>object</kind>
         <file>emif.obj</file>
         <name>emif.obj</name>
      </input_file>
      <input_file id="fl-11">
         <path>.\source\</path>
         <kind>object</kind>
         <file>eqep.obj</file>
         <name>eqep.obj</name>
      </input_file>
      <input_file id="fl-12">
         <path>.\source\</path>
         <kind>object</kind>
         <file>errata_SSWF021_45.obj</file>
         <name>errata_SSWF021_45.obj</name>
      </input_file>
      <input_file id="fl-13">
         <path>.\source\</path>
         <kind>object</kind>
         <file>esm.obj</file>
         <name>esm.obj</name>
      </input_file>
      <input_file id="fl-14">
         <path>.\source\</path>
         <kind>object</kind>
         <file>etpwm.obj</file>
         <name>etpwm.obj</name>
      </input_file>
      <input_file id="fl-15">
         <path>.\source\</path>
         <kind>object</kind>
         <file>eventhandler.obj</file>
         <name>eventhandler.obj</name>
      </input_file>
      <input_file id="fl-16">
         <path>.\source\</path>
         <kind>object</kind>
         <file>gio.obj</file>
         <name>gio.obj</name>
      </input_file>
      <input_file id="fl-17">
         <path>.\source\</path>
         <kind>object</kind>
         <file>het.obj</file>
         <name>het.obj</name>
      </input_file>
      <input_file id="fl-18">
         <path>.\source\</path>
         <kind>object</kind>
         <file>i2c.obj</file>
         <name>i2c.obj</name>
      </input_file>
      <input_file id="fl-19">
         <path>.\source\</path>
         <kind>object</kind>
         <file>lin.obj</file>
         <name>lin.obj</name>
      </input_file>
      <input_file id="fl-1a">
         <path>.\source\</path>
         <kind>object</kind>
         <file>mdio.obj</file>
         <name>mdio.obj</name>
      </input_file>
      <input_file id="fl-1b">
         <path>.\source\</path>
         <kind>object</kind>
         <file>mibspi.obj</file>
         <name>mibspi.obj</name>
      </input_file>
      <input_file id="fl-1c">
         <path>.\source\</path>
         <kind>object</kind>
         <file>nandflash.obj</file>
         <name>nandflash.obj</name>
      </input_file>
      <input_file id="fl-1d">
         <path>.\source\</path>
         <kind>object</kind>
         <file>notification.obj</file>
         <name>notification.obj</name>
      </input_file>
      <input_file id="fl-1e">
         <path>.\source\</path>
         <kind>object</kind>
         <file>os_croutine.obj</file>
         <name>os_croutine.obj</name>
      </input_file>
      <input_file id="fl-1f">
         <path>.\source\</path>
         <kind>object</kind>
         <file>os_event_groups.obj</file>
         <name>os_event_groups.obj</name>
      </input_file>
      <input_file id="fl-20">
         <path>.\source\</path>
         <kind>object</kind>
         <file>os_heap.obj</file>
         <name>os_heap.obj</name>
      </input_file>
      <input_file id="fl-21">
         <path>.\source\</path>
         <kind>object</kind>
         <file>os_list.obj</file>
         <name>os_list.obj</name>
      </input_file>
      <input_file id="fl-22">
         <path>.\source\</path>
         <kind>object</kind>
         <file>os_mpu_wrappers.obj</file>
         <name>os_mpu_wrappers.obj</name>
      </input_file>
      <input_file id="fl-23">
         <path>.\source\</path>
         <kind>object</kind>
         <file>os_port.obj</file>
         <name>os_port.obj</name>
      </input_file>
      <input_file id="fl-24">
         <path>.\source\</path>
         <kind>object</kind>
         <file>os_portasm.obj</file>
         <name>os_portasm.obj</name>
      </input_file>
      <input_file id="fl-25">
         <path>.\source\</path>
         <kind>object</kind>
         <file>os_queue.obj</file>
         <name>os_queue.obj</name>
      </input_file>
      <input_file id="fl-26">
         <path>.\source\</path>
         <kind>object</kind>
         <file>os_tasks.obj</file>
         <name>os_tasks.obj</name>
      </input_file>
      <input_file id="fl-27">
         <path>.\source\</path>
         <kind>object</kind>
         <file>os_timer.obj</file>
         <name>os_timer.obj</name>
      </input_file>
      <input_file id="fl-28">
         <path>.\source\</path>
         <kind>object</kind>
         <file>phy_dp83640.obj</file>
         <name>phy_dp83640.obj</name>
      </input_file>
      <input_file id="fl-29">
         <path>.\source\</path>
         <kind>object</kind>
         <file>pinmux.obj</file>
         <name>pinmux.obj</name>
      </input_file>
      <input_file id="fl-2a">
         <path>.\source\</path>
         <kind>object</kind>
         <file>pom.obj</file>
         <name>pom.obj</name>
      </input_file>
      <input_file id="fl-2b">
         <path>.\source\</path>
         <kind>object</kind>
         <file>rs485comm.obj</file>
         <name>rs485comm.obj</name>
      </input_file>
      <input_file id="fl-2c">
         <path>.\source\</path>
         <kind>object</kind>
         <file>sci.obj</file>
         <name>sci.obj</name>
      </input_file>
      <input_file id="fl-2d">
         <path>.\source\</path>
         <kind>object</kind>
         <file>spi.obj</file>
         <name>spi.obj</name>
      </input_file>
      <input_file id="fl-2e">
         <path>.\source\</path>
         <kind>object</kind>
         <file>sys_core.obj</file>
         <name>sys_core.obj</name>
      </input_file>
      <input_file id="fl-2f">
         <path>.\source\</path>
         <kind>object</kind>
         <file>sys_dma.obj</file>
         <name>sys_dma.obj</name>
      </input_file>
      <input_file id="fl-30">
         <path>.\source\</path>
         <kind>object</kind>
         <file>sys_intvecs.obj</file>
         <name>sys_intvecs.obj</name>
      </input_file>
      <input_file id="fl-31">
         <path>.\source\</path>
         <kind>object</kind>
         <file>sys_main.obj</file>
         <name>sys_main.obj</name>
      </input_file>
      <input_file id="fl-32">
         <path>.\source\</path>
         <kind>object</kind>
         <file>sys_mpu.obj</file>
         <name>sys_mpu.obj</name>
      </input_file>
      <input_file id="fl-33">
         <path>.\source\</path>
         <kind>object</kind>
         <file>sys_pcr.obj</file>
         <name>sys_pcr.obj</name>
      </input_file>
      <input_file id="fl-34">
         <path>.\source\</path>
         <kind>object</kind>
         <file>sys_phantom.obj</file>
         <name>sys_phantom.obj</name>
      </input_file>
      <input_file id="fl-35">
         <path>.\source\</path>
         <kind>object</kind>
         <file>sys_pmm.obj</file>
         <name>sys_pmm.obj</name>
      </input_file>
      <input_file id="fl-36">
         <path>.\source\</path>
         <kind>object</kind>
         <file>sys_pmu.obj</file>
         <name>sys_pmu.obj</name>
      </input_file>
      <input_file id="fl-37">
         <path>.\source\</path>
         <kind>object</kind>
         <file>sys_selftest.obj</file>
         <name>sys_selftest.obj</name>
      </input_file>
      <input_file id="fl-38">
         <path>.\source\</path>
         <kind>object</kind>
         <file>sys_startup.obj</file>
         <name>sys_startup.obj</name>
      </input_file>
      <input_file id="fl-39">
         <path>.\source\</path>
         <kind>object</kind>
         <file>sys_vim.obj</file>
         <name>sys_vim.obj</name>
      </input_file>
      <input_file id="fl-3a">
         <path>.\source\</path>
         <kind>object</kind>
         <file>system.obj</file>
         <name>system.obj</name>
      </input_file>
      <input_file id="fl-3e">
         <kind>object</kind>
         <file>&lt;internal&gt;</file>
         <name>&lt;internal&gt;</name>
      </input_file>
      <input_file id="fl-3f">
         <path>D:\SIL4\ti\ccs1120\ccs\tools\compiler\ti-cgt-arm_20.2.5.LTS\lib\</path>
         <kind>archive</kind>
         <file>rtsv7R4_T_le_v3D16_eabi.lib</file>
         <name>printf.c.obj</name>
      </input_file>
      <input_file id="fl-40">
         <path>D:\SIL4\ti\ccs1120\ccs\tools\compiler\ti-cgt-arm_20.2.5.LTS\lib\</path>
         <kind>archive</kind>
         <file>rtsv7R4_T_le_v3D16_eabi.lib</file>
         <name>_printfi.c.obj</name>
      </input_file>
      <input_file id="fl-41">
         <path>D:\SIL4\ti\ccs1120\ccs\tools\compiler\ti-cgt-arm_20.2.5.LTS\lib\</path>
         <kind>archive</kind>
         <file>rtsv7R4_T_le_v3D16_eabi.lib</file>
         <name>fputc.c.obj</name>
      </input_file>
      <input_file id="fl-42">
         <path>D:\SIL4\ti\ccs1120\ccs\tools\compiler\ti-cgt-arm_20.2.5.LTS\lib\</path>
         <kind>archive</kind>
         <file>rtsv7R4_T_le_v3D16_eabi.lib</file>
         <name>fputs.c.obj</name>
      </input_file>
      <input_file id="fl-43">
         <path>D:\SIL4\ti\ccs1120\ccs\tools\compiler\ti-cgt-arm_20.2.5.LTS\lib\</path>
         <kind>archive</kind>
         <file>rtsv7R4_T_le_v3D16_eabi.lib</file>
         <name>_io_perm.c.obj</name>
      </input_file>
      <input_file id="fl-44">
         <path>D:\SIL4\ti\ccs1120\ccs\tools\compiler\ti-cgt-arm_20.2.5.LTS\lib\</path>
         <kind>archive</kind>
         <file>rtsv7R4_T_le_v3D16_eabi.lib</file>
         <name>setvbuf.c.obj</name>
      </input_file>
      <input_file id="fl-45">
         <path>D:\SIL4\ti\ccs1120\ccs\tools\compiler\ti-cgt-arm_20.2.5.LTS\lib\</path>
         <kind>archive</kind>
         <file>rtsv7R4_T_le_v3D16_eabi.lib</file>
         <name>s_floor.c.obj</name>
      </input_file>
      <input_file id="fl-46">
         <path>D:\SIL4\ti\ccs1120\ccs\tools\compiler\ti-cgt-arm_20.2.5.LTS\lib\</path>
         <kind>archive</kind>
         <file>rtsv7R4_T_le_v3D16_eabi.lib</file>
         <name>s_frexp.c.obj</name>
      </input_file>
      <input_file id="fl-47">
         <path>D:\SIL4\ti\ccs1120\ccs\tools\compiler\ti-cgt-arm_20.2.5.LTS\lib\</path>
         <kind>archive</kind>
         <file>rtsv7R4_T_le_v3D16_eabi.lib</file>
         <name>s_scalbn.c.obj</name>
      </input_file>
      <input_file id="fl-48">
         <path>D:\SIL4\ti\ccs1120\ccs\tools\compiler\ti-cgt-arm_20.2.5.LTS\lib\</path>
         <kind>archive</kind>
         <file>rtsv7R4_T_le_v3D16_eabi.lib</file>
         <name>wcslen.c.obj</name>
      </input_file>
      <input_file id="fl-49">
         <path>D:\SIL4\ti\ccs1120\ccs\tools\compiler\ti-cgt-arm_20.2.5.LTS\lib\</path>
         <kind>archive</kind>
         <file>rtsv7R4_T_le_v3D16_eabi.lib</file>
         <name>memcpy_t2.asm.obj</name>
      </input_file>
      <input_file id="fl-4a">
         <path>D:\SIL4\ti\ccs1120\ccs\tools\compiler\ti-cgt-arm_20.2.5.LTS\lib\</path>
         <kind>archive</kind>
         <file>rtsv7R4_T_le_v3D16_eabi.lib</file>
         <name>i_div32.asm.obj</name>
      </input_file>
      <input_file id="fl-4b">
         <path>D:\SIL4\ti\ccs1120\ccs\tools\compiler\ti-cgt-arm_20.2.5.LTS\lib\</path>
         <kind>archive</kind>
         <file>rtsv7R4_T_le_v3D16_eabi.lib</file>
         <name>u_div32.asm.obj</name>
      </input_file>
      <input_file id="fl-4c">
         <path>D:\SIL4\ti\ccs1120\ccs\tools\compiler\ti-cgt-arm_20.2.5.LTS\lib\</path>
         <kind>archive</kind>
         <file>rtsv7R4_T_le_v3D16_eabi.lib</file>
         <name>ull_div32.asm.obj</name>
      </input_file>
      <input_file id="fl-4d">
         <path>D:\SIL4\ti\ccs1120\ccs\tools\compiler\ti-cgt-arm_20.2.5.LTS\lib\</path>
         <kind>archive</kind>
         <file>rtsv7R4_T_le_v3D16_eabi.lib</file>
         <name>memset_t2.asm.obj</name>
      </input_file>
      <input_file id="fl-4e">
         <path>D:\SIL4\ti\ccs1120\ccs\tools\compiler\ti-cgt-arm_20.2.5.LTS\lib\</path>
         <kind>archive</kind>
         <file>rtsv7R4_T_le_v3D16_eabi.lib</file>
         <name>autoinit.c.obj</name>
      </input_file>
      <input_file id="fl-4f">
         <path>D:\SIL4\ti\ccs1120\ccs\tools\compiler\ti-cgt-arm_20.2.5.LTS\lib\</path>
         <kind>archive</kind>
         <file>rtsv7R4_T_le_v3D16_eabi.lib</file>
         <name>cpy_tbl.c.obj</name>
      </input_file>
      <input_file id="fl-50">
         <path>D:\SIL4\ti\ccs1120\ccs\tools\compiler\ti-cgt-arm_20.2.5.LTS\lib\</path>
         <kind>archive</kind>
         <file>rtsv7R4_T_le_v3D16_eabi.lib</file>
         <name>copy_zero_init.c.obj</name>
      </input_file>
      <input_file id="fl-51">
         <path>D:\SIL4\ti\ccs1120\ccs\tools\compiler\ti-cgt-arm_20.2.5.LTS\lib\</path>
         <kind>archive</kind>
         <file>rtsv7R4_T_le_v3D16_eabi.lib</file>
         <name>copy_decompress_none.c.obj</name>
      </input_file>
      <input_file id="fl-52">
         <path>D:\SIL4\ti\ccs1120\ccs\tools\compiler\ti-cgt-arm_20.2.5.LTS\lib\</path>
         <kind>archive</kind>
         <file>rtsv7R4_T_le_v3D16_eabi.lib</file>
         <name>copy_decompress_lzss.c.obj</name>
      </input_file>
      <input_file id="fl-53">
         <path>D:\SIL4\ti\ccs1120\ccs\tools\compiler\ti-cgt-arm_20.2.5.LTS\lib\</path>
         <kind>archive</kind>
         <file>rtsv7R4_T_le_v3D16_eabi.lib</file>
         <name>exit.c.obj</name>
      </input_file>
      <input_file id="fl-54">
         <path>D:\SIL4\ti\ccs1120\ccs\tools\compiler\ti-cgt-arm_20.2.5.LTS\lib\</path>
         <kind>archive</kind>
         <file>rtsv7R4_T_le_v3D16_eabi.lib</file>
         <name>_lock.c.obj</name>
      </input_file>
      <input_file id="fl-55">
         <path>D:\SIL4\ti\ccs1120\ccs\tools\compiler\ti-cgt-arm_20.2.5.LTS\lib\</path>
         <kind>archive</kind>
         <file>rtsv7R4_T_le_v3D16_eabi.lib</file>
         <name>_ltoa.c.obj</name>
      </input_file>
      <input_file id="fl-56">
         <path>D:\SIL4\ti\ccs1120\ccs\tools\compiler\ti-cgt-arm_20.2.5.LTS\lib\</path>
         <kind>archive</kind>
         <file>rtsv7R4_T_le_v3D16_eabi.lib</file>
         <name>atoi.c.obj</name>
      </input_file>
      <input_file id="fl-57">
         <path>D:\SIL4\ti\ccs1120\ccs\tools\compiler\ti-cgt-arm_20.2.5.LTS\lib\</path>
         <kind>archive</kind>
         <file>rtsv7R4_T_le_v3D16_eabi.lib</file>
         <name>ctype.c.obj</name>
      </input_file>
      <input_file id="fl-58">
         <path>D:\SIL4\ti\ccs1120\ccs\tools\compiler\ti-cgt-arm_20.2.5.LTS\lib\</path>
         <kind>archive</kind>
         <file>rtsv7R4_T_le_v3D16_eabi.lib</file>
         <name>defs.c.obj</name>
      </input_file>
      <input_file id="fl-59">
         <path>D:\SIL4\ti\ccs1120\ccs\tools\compiler\ti-cgt-arm_20.2.5.LTS\lib\</path>
         <kind>archive</kind>
         <file>rtsv7R4_T_le_v3D16_eabi.lib</file>
         <name>memccpy.c.obj</name>
      </input_file>
      <input_file id="fl-5a">
         <path>D:\SIL4\ti\ccs1120\ccs\tools\compiler\ti-cgt-arm_20.2.5.LTS\lib\</path>
         <kind>archive</kind>
         <file>rtsv7R4_T_le_v3D16_eabi.lib</file>
         <name>memchr.c.obj</name>
      </input_file>
      <input_file id="fl-5b">
         <path>D:\SIL4\ti\ccs1120\ccs\tools\compiler\ti-cgt-arm_20.2.5.LTS\lib\</path>
         <kind>archive</kind>
         <file>rtsv7R4_T_le_v3D16_eabi.lib</file>
         <name>memcmp.c.obj</name>
      </input_file>
      <input_file id="fl-5c">
         <path>D:\SIL4\ti\ccs1120\ccs\tools\compiler\ti-cgt-arm_20.2.5.LTS\lib\</path>
         <kind>archive</kind>
         <file>rtsv7R4_T_le_v3D16_eabi.lib</file>
         <name>memory.c.obj</name>
      </input_file>
      <input_file id="fl-5d">
         <path>D:\SIL4\ti\ccs1120\ccs\tools\compiler\ti-cgt-arm_20.2.5.LTS\lib\</path>
         <kind>archive</kind>
         <file>rtsv7R4_T_le_v3D16_eabi.lib</file>
         <name>strchr.c.obj</name>
      </input_file>
      <input_file id="fl-5e">
         <path>D:\SIL4\ti\ccs1120\ccs\tools\compiler\ti-cgt-arm_20.2.5.LTS\lib\</path>
         <kind>archive</kind>
         <file>rtsv7R4_T_le_v3D16_eabi.lib</file>
         <name>strcpy.c.obj</name>
      </input_file>
      <input_file id="fl-5f">
         <path>D:\SIL4\ti\ccs1120\ccs\tools\compiler\ti-cgt-arm_20.2.5.LTS\lib\</path>
         <kind>archive</kind>
         <file>rtsv7R4_T_le_v3D16_eabi.lib</file>
         <name>strlen.c.obj</name>
      </input_file>
      <input_file id="fl-60">
         <path>D:\SIL4\ti\ccs1120\ccs\tools\compiler\ti-cgt-arm_20.2.5.LTS\lib\</path>
         <kind>archive</kind>
         <file>rtsv7R4_T_le_v3D16_eabi.lib</file>
         <name>errno.c.obj</name>
      </input_file>
      <input_file id="fl-61">
         <path>D:\SIL4\ti\ccs1120\ccs\tools\compiler\ti-cgt-arm_20.2.5.LTS\lib\</path>
         <kind>archive</kind>
         <file>rtsv7R4_T_le_v3D16_eabi.lib</file>
         <name>write.c.obj</name>
      </input_file>
      <input_file id="fl-62">
         <path>D:\SIL4\ti\ccs1120\ccs\tools\compiler\ti-cgt-arm_20.2.5.LTS\lib\</path>
         <kind>archive</kind>
         <file>rtsv7R4_T_le_v3D16_eabi.lib</file>
         <name>host_device.c.obj</name>
      </input_file>
      <input_file id="fl-63">
         <path>D:\SIL4\ti\ccs1120\ccs\tools\compiler\ti-cgt-arm_20.2.5.LTS\lib\</path>
         <kind>archive</kind>
         <file>rtsv7R4_T_le_v3D16_eabi.lib</file>
         <name>fflush.c.obj</name>
      </input_file>
      <input_file id="fl-64">
         <path>D:\SIL4\ti\ccs1120\ccs\tools\compiler\ti-cgt-arm_20.2.5.LTS\lib\</path>
         <kind>archive</kind>
         <file>rtsv7R4_T_le_v3D16_eabi.lib</file>
         <name>fopen.c.obj</name>
      </input_file>
      <input_file id="fl-65">
         <path>D:\SIL4\ti\ccs1120\ccs\tools\compiler\ti-cgt-arm_20.2.5.LTS\lib\</path>
         <kind>archive</kind>
         <file>rtsv7R4_T_le_v3D16_eabi.lib</file>
         <name>fseek.c.obj</name>
      </input_file>
      <input_file id="fl-66">
         <path>D:\SIL4\ti\ccs1120\ccs\tools\compiler\ti-cgt-arm_20.2.5.LTS\lib\</path>
         <kind>archive</kind>
         <file>rtsv7R4_T_le_v3D16_eabi.lib</file>
         <name>s_copysign.c.obj</name>
      </input_file>
      <input_file id="fl-67">
         <path>D:\SIL4\ti\ccs1120\ccs\tools\compiler\ti-cgt-arm_20.2.5.LTS\lib\</path>
         <kind>archive</kind>
         <file>rtsv7R4_T_le_v3D16_eabi.lib</file>
         <name>div0.asm.obj</name>
      </input_file>
      <input_file id="fl-68">
         <path>D:\SIL4\ti\ccs1120\ccs\tools\compiler\ti-cgt-arm_20.2.5.LTS\lib\</path>
         <kind>archive</kind>
         <file>rtsv7R4_T_le_v3D16_eabi.lib</file>
         <name>hostclose.c.obj</name>
      </input_file>
      <input_file id="fl-69">
         <path>D:\SIL4\ti\ccs1120\ccs\tools\compiler\ti-cgt-arm_20.2.5.LTS\lib\</path>
         <kind>archive</kind>
         <file>rtsv7R4_T_le_v3D16_eabi.lib</file>
         <name>hostlseek.c.obj</name>
      </input_file>
      <input_file id="fl-6a">
         <path>D:\SIL4\ti\ccs1120\ccs\tools\compiler\ti-cgt-arm_20.2.5.LTS\lib\</path>
         <kind>archive</kind>
         <file>rtsv7R4_T_le_v3D16_eabi.lib</file>
         <name>hostopen.c.obj</name>
      </input_file>
      <input_file id="fl-6b">
         <path>D:\SIL4\ti\ccs1120\ccs\tools\compiler\ti-cgt-arm_20.2.5.LTS\lib\</path>
         <kind>archive</kind>
         <file>rtsv7R4_T_le_v3D16_eabi.lib</file>
         <name>hostread.c.obj</name>
      </input_file>
      <input_file id="fl-6c">
         <path>D:\SIL4\ti\ccs1120\ccs\tools\compiler\ti-cgt-arm_20.2.5.LTS\lib\</path>
         <kind>archive</kind>
         <file>rtsv7R4_T_le_v3D16_eabi.lib</file>
         <name>hostrename.c.obj</name>
      </input_file>
      <input_file id="fl-6d">
         <path>D:\SIL4\ti\ccs1120\ccs\tools\compiler\ti-cgt-arm_20.2.5.LTS\lib\</path>
         <kind>archive</kind>
         <file>rtsv7R4_T_le_v3D16_eabi.lib</file>
         <name>hostunlink.c.obj</name>
      </input_file>
      <input_file id="fl-6e">
         <path>D:\SIL4\ti\ccs1120\ccs\tools\compiler\ti-cgt-arm_20.2.5.LTS\lib\</path>
         <kind>archive</kind>
         <file>rtsv7R4_T_le_v3D16_eabi.lib</file>
         <name>hostwrite.c.obj</name>
      </input_file>
      <input_file id="fl-6f">
         <path>D:\SIL4\ti\ccs1120\ccs\tools\compiler\ti-cgt-arm_20.2.5.LTS\lib\</path>
         <kind>archive</kind>
         <file>rtsv7R4_T_le_v3D16_eabi.lib</file>
         <name>trgmsg.c.obj</name>
      </input_file>
      <input_file id="fl-70">
         <path>D:\SIL4\ti\ccs1120\ccs\tools\compiler\ti-cgt-arm_20.2.5.LTS\lib\</path>
         <kind>archive</kind>
         <file>rtsv7R4_T_le_v3D16_eabi.lib</file>
         <name>open.c.obj</name>
      </input_file>
      <input_file id="fl-71">
         <path>D:\SIL4\ti\ccs1120\ccs\tools\compiler\ti-cgt-arm_20.2.5.LTS\lib\</path>
         <kind>archive</kind>
         <file>rtsv7R4_T_le_v3D16_eabi.lib</file>
         <name>lseek.c.obj</name>
      </input_file>
      <input_file id="fl-72">
         <path>D:\SIL4\ti\ccs1120\ccs\tools\compiler\ti-cgt-arm_20.2.5.LTS\lib\</path>
         <kind>archive</kind>
         <file>rtsv7R4_T_le_v3D16_eabi.lib</file>
         <name>fclose.c.obj</name>
      </input_file>
      <input_file id="fl-73">
         <path>D:\SIL4\ti\ccs1120\ccs\tools\compiler\ti-cgt-arm_20.2.5.LTS\lib\</path>
         <kind>archive</kind>
         <file>rtsv7R4_T_le_v3D16_eabi.lib</file>
         <name>getdevice.c.obj</name>
      </input_file>
      <input_file id="fl-74">
         <path>D:\SIL4\ti\ccs1120\ccs\tools\compiler\ti-cgt-arm_20.2.5.LTS\lib\</path>
         <kind>archive</kind>
         <file>rtsv7R4_T_le_v3D16_eabi.lib</file>
         <name>strcmp.c.obj</name>
      </input_file>
      <input_file id="fl-75">
         <path>D:\SIL4\ti\ccs1120\ccs\tools\compiler\ti-cgt-arm_20.2.5.LTS\lib\</path>
         <kind>archive</kind>
         <file>rtsv7R4_T_le_v3D16_eabi.lib</file>
         <name>strncpy.c.obj</name>
      </input_file>
      <input_file id="fl-76">
         <path>D:\SIL4\ti\ccs1120\ccs\tools\compiler\ti-cgt-arm_20.2.5.LTS\lib\</path>
         <kind>archive</kind>
         <file>rtsv7R4_T_le_v3D16_eabi.lib</file>
         <name>remove.c.obj</name>
      </input_file>
      <input_file id="fl-77">
         <path>D:\SIL4\ti\ccs1120\ccs\tools\compiler\ti-cgt-arm_20.2.5.LTS\lib\</path>
         <kind>archive</kind>
         <file>rtsv7R4_T_le_v3D16_eabi.lib</file>
         <name>close.c.obj</name>
      </input_file>
      <input_file id="fl-78">
         <path>D:\SIL4\ti\ccs1120\ccs\tools\compiler\ti-cgt-arm_20.2.5.LTS\lib\</path>
         <kind>archive</kind>
         <file>rtsv7R4_T_le_v3D16_eabi.lib</file>
         <name>unlink.c.obj</name>
      </input_file>
   </input_file_list>
   <object_component_list>
      <object_component id="oc-33">
         <name>.intvecs</name>
         <load_address>0x0</load_address>
         <run_address>0x0</run_address>
         <size>0x20</size>
         <input_file_ref idref="fl-30"/>
      </object_component>
      <object_component id="oc-157">
         <name>.kernelTEXT</name>
         <load_address>0x20</load_address>
         <run_address>0x20</run_address>
         <size>0x2f78</size>
         <input_file_ref idref="fl-26"/>
      </object_component>
      <object_component id="oc-1d1">
         <name>.kernelTEXT</name>
         <load_address>0x2f98</load_address>
         <run_address>0x2f98</run_address>
         <size>0x151c</size>
         <input_file_ref idref="fl-25"/>
      </object_component>
      <object_component id="oc-2b2">
         <name>.kernelTEXT</name>
         <load_address>0x44b4</load_address>
         <run_address>0x44b4</run_address>
         <size>0xab0</size>
         <input_file_ref idref="fl-27"/>
      </object_component>
      <object_component id="oc-2b8">
         <name>.kernelTEXT</name>
         <load_address>0x4f64</load_address>
         <run_address>0x4f64</run_address>
         <size>0x818</size>
         <input_file_ref idref="fl-1f"/>
      </object_component>
      <object_component id="oc-ac">
         <name>.kernelTEXT</name>
         <load_address>0x577c</load_address>
         <run_address>0x577c</run_address>
         <size>0x4bc</size>
         <input_file_ref idref="fl-24"/>
      </object_component>
      <object_component id="oc-324">
         <name>.kernelTEXT</name>
         <load_address>0x5c38</load_address>
         <run_address>0x5c38</run_address>
         <size>0x3e0</size>
         <input_file_ref idref="fl-23"/>
      </object_component>
      <object_component id="oc-318">
         <name>.kernelTEXT</name>
         <load_address>0x6018</load_address>
         <run_address>0x6018</run_address>
         <size>0x37c</size>
         <input_file_ref idref="fl-20"/>
      </object_component>
      <object_component id="oc-567">
         <name>.cinit..data.load</name>
         <load_address>0x6b98</load_address>
         <run_address>0x6b98</run_address>
         <size>0x218</size>
      </object_component>
      <object_component id="oc-562">
         <name>__TI_handler_table</name>
         <load_address>0x6db0</load_address>
         <run_address>0x6db0</run_address>
         <size>0xc</size>
      </object_component>
      <object_component id="oc-564">
         <name>.cinit..kernelBSS.load</name>
         <load_address>0x6dbc</load_address>
         <run_address>0x6dbc</run_address>
         <size>0x9</size>
      </object_component>
      <object_component id="oc-566">
         <name>.cinit..bss.load</name>
         <load_address>0x6dc8</load_address>
         <run_address>0x6dc8</run_address>
         <size>0x8</size>
      </object_component>
      <object_component id="oc-565">
         <name>.cinit..kernelHEAP.load</name>
         <load_address>0x6dd0</load_address>
         <run_address>0x6dd0</run_address>
         <size>0x8</size>
      </object_component>
      <object_component id="oc-563">
         <name>__TI_cinit_table</name>
         <load_address>0x6dd8</load_address>
         <run_address>0x6dd8</run_address>
         <size>0x20</size>
      </object_component>
      <object_component id="oc-87">
         <name>.text</name>
         <load_address>0x8020</load_address>
         <run_address>0x8020</run_address>
         <size>0x2cdc</size>
         <input_file_ref idref="fl-37"/>
      </object_component>
      <object_component id="oc-16f">
         <name>.text</name>
         <load_address>0xacfc</load_address>
         <run_address>0xacfc</run_address>
         <size>0x2748</size>
         <input_file_ref idref="fl-14"/>
      </object_component>
      <object_component id="oc-151">
         <name>.text</name>
         <load_address>0xd444</load_address>
         <run_address>0xd444</run_address>
         <size>0x1798</size>
         <input_file_ref idref="fl-7"/>
      </object_component>
      <object_component id="oc-a2">
         <name>.text</name>
         <load_address>0xebdc</load_address>
         <run_address>0xebdc</run_address>
         <size>0x177c</size>
         <input_file_ref idref="fl-f"/>
      </object_component>
      <object_component id="oc-94">
         <name>.text</name>
         <load_address>0x10358</load_address>
         <run_address>0x10358</run_address>
         <size>0x1154</size>
         <input_file_ref idref="fl-31"/>
      </object_component>
      <object_component id="oc-169">
         <name>.text</name>
         <load_address>0x114ac</load_address>
         <run_address>0x114ac</run_address>
         <size>0x10cc</size>
         <input_file_ref idref="fl-2b"/>
      </object_component>
      <object_component id="oc-17b">
         <name>.text</name>
         <load_address>0x12578</load_address>
         <run_address>0x12578</run_address>
         <size>0xee4</size>
         <input_file_ref idref="fl-2d"/>
      </object_component>
      <object_component id="oc-145">
         <name>.text</name>
         <load_address>0x1345c</load_address>
         <run_address>0x1345c</run_address>
         <size>0xcac</size>
         <input_file_ref idref="fl-22"/>
      </object_component>
      <object_component id="oc-81">
         <name>.text</name>
         <load_address>0x14108</load_address>
         <run_address>0x14108</run_address>
         <size>0xb68</size>
         <input_file_ref idref="fl-3a"/>
      </object_component>
      <object_component id="oc-3f">
         <name>.text</name>
         <load_address>0x14c70</load_address>
         <run_address>0x14c70</run_address>
         <size>0xa58</size>
         <input_file_ref idref="fl-39"/>
      </object_component>
      <object_component id="oc-15d">
         <name>.text</name>
         <load_address>0x156c8</load_address>
         <run_address>0x156c8</run_address>
         <size>0xa34</size>
         <input_file_ref idref="fl-2c"/>
      </object_component>
      <object_component id="oc-175">
         <name>.text</name>
         <load_address>0x160fc</load_address>
         <run_address>0x160fc</run_address>
         <size>0x944</size>
         <input_file_ref idref="fl-6"/>
      </object_component>
      <object_component id="oc-f9">
         <name>.text</name>
         <load_address>0x16a40</load_address>
         <run_address>0x16a40</run_address>
         <size>0x854</size>
         <input_file_ref idref="fl-29"/>
      </object_component>
      <object_component id="oc-1e6">
         <name>.text</name>
         <load_address>0x17294</load_address>
         <run_address>0x17294</run_address>
         <size>0x6d0</size>
         <input_file_ref idref="fl-28"/>
      </object_component>
      <object_component id="oc-75">
         <name>.text</name>
         <load_address>0x17964</load_address>
         <run_address>0x17964</run_address>
         <size>0x664</size>
         <input_file_ref idref="fl-12"/>
      </object_component>
      <object_component id="oc-8d">
         <name>.text</name>
         <load_address>0x17fc8</load_address>
         <run_address>0x17fc8</run_address>
         <size>0x5bc</size>
         <input_file_ref idref="fl-13"/>
      </object_component>
      <object_component id="oc-163">
         <name>.text</name>
         <load_address>0x18584</load_address>
         <run_address>0x18584</run_address>
         <size>0x484</size>
         <input_file_ref idref="fl-16"/>
      </object_component>
      <object_component id="oc-9c">
         <name>.text</name>
         <load_address>0x18a08</load_address>
         <run_address>0x18a08</run_address>
         <size>0x45c</size>
         <input_file_ref idref="fl-1d"/>
      </object_component>
      <object_component id="oc-2db">
         <name>.text</name>
         <load_address>0x18e64</load_address>
         <run_address>0x18e64</run_address>
         <size>0x368</size>
         <input_file_ref idref="fl-3"/>
      </object_component>
      <object_component id="oc-70">
         <name>.text</name>
         <load_address>0x191cc</load_address>
         <run_address>0x191cc</run_address>
         <size>0x34c</size>
         <input_file_ref idref="fl-2e"/>
      </object_component>
      <object_component id="oc-ff">
         <name>.text</name>
         <load_address>0x19518</load_address>
         <run_address>0x19518</run_address>
         <size>0x2e4</size>
         <input_file_ref idref="fl-10"/>
      </object_component>
      <object_component id="oc-3e">
         <name>.text:retain</name>
         <load_address>0x197fc</load_address>
         <run_address>0x197fc</run_address>
         <size>0x2cc</size>
         <input_file_ref idref="fl-39"/>
      </object_component>
      <object_component id="oc-2e1">
         <name>.text</name>
         <load_address>0x19ac8</load_address>
         <run_address>0x19ac8</run_address>
         <size>0x2a4</size>
         <input_file_ref idref="fl-8"/>
      </object_component>
      <object_component id="oc-1e">
         <name>.text:retain</name>
         <load_address>0x19d6c</load_address>
         <run_address>0x19d6c</run_address>
         <size>0x288</size>
         <input_file_ref idref="fl-38"/>
      </object_component>
      <object_component id="oc-45b">
         <name>.text</name>
         <load_address>0x19ff4</load_address>
         <run_address>0x19ff4</run_address>
         <size>0x278</size>
         <input_file_ref idref="fl-20"/>
      </object_component>
      <object_component id="oc-31e">
         <name>.text</name>
         <load_address>0x1a26c</load_address>
         <run_address>0x1a26c</run_address>
         <size>0x238</size>
         <input_file_ref idref="fl-21"/>
      </object_component>
      <object_component id="oc-1ec">
         <name>.text</name>
         <load_address>0x1a4a4</load_address>
         <run_address>0x1a4a4</run_address>
         <size>0x1c4</size>
         <input_file_ref idref="fl-1a"/>
      </object_component>
      <object_component id="oc-46b">
         <name>.text</name>
         <load_address>0x1a668</load_address>
         <run_address>0x1a668</run_address>
         <size>0x1b0</size>
         <input_file_ref idref="fl-23"/>
      </object_component>
      <object_component id="oc-2ac">
         <name>.text</name>
         <load_address>0x1a818</load_address>
         <run_address>0x1a818</run_address>
         <size>0x158</size>
         <input_file_ref idref="fl-26"/>
      </object_component>
      <object_component id="oc-2d">
         <name>.text:retain</name>
         <load_address>0x1a970</load_address>
         <run_address>0x1a970</run_address>
         <size>0x114</size>
         <input_file_ref idref="fl-13"/>
      </object_component>
      <object_component id="oc-ba">
         <name>.text</name>
         <load_address>0x1aa84</load_address>
         <run_address>0x1aa84</run_address>
         <size>0xe8</size>
         <input_file_ref idref="fl-c"/>
      </object_component>
      <object_component id="oc-32f">
         <name>.text:floor</name>
         <load_address>0x1ab6c</load_address>
         <run_address>0x1ab6c</run_address>
         <size>0xe0</size>
         <input_file_ref idref="fl-45"/>
      </object_component>
      <object_component id="oc-107">
         <name>.text</name>
         <load_address>0x1ac4c</load_address>
         <run_address>0x1ac4c</run_address>
         <size>0xe0</size>
         <input_file_ref idref="fl-36"/>
      </object_component>
      <object_component id="oc-24">
         <name>.text:retain</name>
         <load_address>0x1ad2c</load_address>
         <run_address>0x1ad2c</run_address>
         <size>0xcc</size>
         <input_file_ref idref="fl-f"/>
      </object_component>
      <object_component id="oc-58">
         <name>.text</name>
         <load_address>0x1adf8</load_address>
         <run_address>0x1adf8</run_address>
         <size>0x9c</size>
         <input_file_ref idref="fl-49"/>
      </object_component>
      <object_component id="oc-eb">
         <name>.text</name>
         <load_address>0x1ae94</load_address>
         <run_address>0x1ae94</run_address>
         <size>0x7a</size>
         <input_file_ref idref="fl-4d"/>
      </object_component>
      <object_component id="oc-11">
         <name>.text:decompress:lzss:__TI_decompress_lzss</name>
         <load_address>0x1af0e</load_address>
         <run_address>0x1af0e</run_address>
         <size>0x6c</size>
         <input_file_ref idref="fl-52"/>
      </object_component>
      <object_component id="oc-4c8">
         <name>.text</name>
         <load_address>0x1af7a</load_address>
         <run_address>0x1af7a</run_address>
         <size>0x2</size>
         <input_file_ref idref="fl-67"/>
      </object_component>
      <object_component id="oc-43b">
         <name>.text</name>
         <load_address>0x1af7c</load_address>
         <run_address>0x1af7c</run_address>
         <size>0x54</size>
         <input_file_ref idref="fl-4a"/>
      </object_component>
      <object_component id="oc-3e3">
         <name>.text</name>
         <load_address>0x1afd0</load_address>
         <run_address>0x1afd0</run_address>
         <size>0x50</size>
         <input_file_ref idref="fl-4b"/>
      </object_component>
      <object_component id="oc-115">
         <name>.text:__TI_auto_init_nobinit_nopinit:__TI_auto_init_nobinit_nopinit</name>
         <load_address>0x1b020</load_address>
         <run_address>0x1b020</run_address>
         <size>0x44</size>
         <input_file_ref idref="fl-4e"/>
      </object_component>
      <object_component id="oc-2e7">
         <name>.text:memcmp</name>
         <load_address>0x1b064</load_address>
         <run_address>0x1b064</run_address>
         <size>0x26</size>
         <input_file_ref idref="fl-5b"/>
      </object_component>
      <object_component id="oc-14b">
         <name>.text:strlen</name>
         <load_address>0x1b08a</load_address>
         <run_address>0x1b08a</run_address>
         <size>0x16</size>
         <input_file_ref idref="fl-5f"/>
      </object_component>
      <object_component id="oc-17">
         <name>.text:decompress:none:__TI_decompress_none</name>
         <load_address>0x1b0a0</load_address>
         <run_address>0x1b0a0</run_address>
         <size>0xe</size>
         <input_file_ref idref="fl-51"/>
      </object_component>
      <object_component id="oc-6a">
         <name>.text:decompress:ZI:__TI_zero_init</name>
         <load_address>0x1b0ae</load_address>
         <run_address>0x1b0ae</run_address>
         <size>0xc</size>
         <input_file_ref idref="fl-50"/>
      </object_component>
      <object_component id="oc-1c5">
         <name>.text:abort:abort</name>
         <load_address>0x1b0ba</load_address>
         <run_address>0x1b0ba</run_address>
         <size>0x4</size>
         <input_file_ref idref="fl-53"/>
      </object_component>
      <object_component id="oc-38">
         <name>.text:retain</name>
         <load_address>0x1b0c0</load_address>
         <run_address>0x1b0c0</run_address>
         <size>0x4</size>
         <input_file_ref idref="fl-34"/>
      </object_component>
      <object_component id="oc-7b">
         <name>.text</name>
         <load_address>0x1b0c4</load_address>
         <run_address>0x1b0c4</run_address>
         <size>0x4</size>
         <input_file_ref idref="fl-38"/>
      </object_component>
      <object_component id="oc-2a">
         <name>.const:s_vim_init</name>
         <load_address>0x1b0c8</load_address>
         <run_address>0x1b0c8</run_address>
         <size>0x200</size>
         <input_file_ref idref="fl-39"/>
      </object_component>
      <object_component id="oc-33d">
         <name>.const:wCRCTable$1</name>
         <load_address>0x1b2c8</load_address>
         <run_address>0x1b2c8</run_address>
         <size>0x200</size>
         <input_file_ref idref="fl-2b"/>
      </object_component>
      <object_component id="oc-304">
         <name>.const:.string:xDefaultPartARPPacketHeader</name>
         <load_address>0x1b4c8</load_address>
         <run_address>0x1b4c8</run_address>
         <size>0x26</size>
         <input_file_ref idref="fl-7"/>
      </object_component>
      <object_component id="oc-352">
         <name>.const:$P$T0$1</name>
         <load_address>0x1b4f0</load_address>
         <run_address>0x1b4f0</run_address>
         <size>0x8</size>
         <input_file_ref idref="fl-6"/>
      </object_component>
      <object_component id="oc-2f8">
         <name>.const:$P$T0$5</name>
         <load_address>0x1b4f8</load_address>
         <run_address>0x1b4f8</run_address>
         <size>0x8</size>
         <input_file_ref idref="fl-7"/>
      </object_component>
      <object_component id="oc-2f0">
         <name>.const:xNetworkDownEvent$1</name>
         <load_address>0x1b500</load_address>
         <run_address>0x1b500</run_address>
         <size>0x8</size>
         <input_file_ref idref="fl-7"/>
      </object_component>
      <object_component id="oc-2f1">
         <name>.const:xNetworkDownEvent$2</name>
         <load_address>0x1b508</load_address>
         <run_address>0x1b508</run_address>
         <size>0x8</size>
         <input_file_ref idref="fl-7"/>
      </object_component>
      <object_component id="oc-301">
         <name>.const:xBroadcastMACAddress</name>
         <load_address>0x1b510</load_address>
         <run_address>0x1b510</run_address>
         <size>0x6</size>
         <input_file_ref idref="fl-7"/>
      </object_component>
      <object_component id="oc-2fe">
         <name>.const:xNullMACAddress</name>
         <load_address>0x1b516</load_address>
         <run_address>0x1b516</run_address>
         <size>0x6</size>
         <input_file_ref idref="fl-7"/>
      </object_component>
      <object_component id="oc-18d">
         <name>.const:.string:ucDNSServerAddress</name>
         <load_address>0x1b51c</load_address>
         <run_address>0x1b51c</run_address>
         <size>0x4</size>
         <input_file_ref idref="fl-31"/>
      </object_component>
      <object_component id="oc-187">
         <name>.const:.string:ucIPAddress</name>
         <load_address>0x1b520</load_address>
         <run_address>0x1b520</run_address>
         <size>0x4</size>
         <input_file_ref idref="fl-31"/>
      </object_component>
      <object_component id="oc-18a">
         <name>.const:.string:ucNetMask</name>
         <load_address>0x1b524</load_address>
         <run_address>0x1b524</run_address>
         <size>0x4</size>
         <input_file_ref idref="fl-31"/>
      </object_component>
      <object_component id="oc-21b">
         <name>.kernelBSS:init</name>
         <load_address>0x80008d0</load_address>
         <run_address>0x80008d0</run_address>
         <size>0x34</size>
         <input_file_ref idref="fl-26"/>
      </object_component>
      <object_component id="oc-32a">
         <name>.kernelBSS:uninit</name>
         <load_address>0x8000800</load_address>
         <run_address>0x8000800</run_address>
         <size>0xd0</size>
         <input_file_ref idref="fl-26"/>
      </object_component>
      <object_component id="oc-421">
         <name>.kernelBSS:uninit</name>
         <load_address>0x8000904</load_address>
         <run_address>0x8000904</run_address>
         <size>0x30</size>
         <input_file_ref idref="fl-27"/>
      </object_component>
      <object_component id="oc-41e">
         <name>.kernelBSS:init</name>
         <load_address>0x8000934</load_address>
         <run_address>0x8000934</run_address>
         <size>0xc</size>
         <input_file_ref idref="fl-27"/>
      </object_component>
      <object_component id="oc-50b">
         <name>.kernelHEAP</name>
         <uninitialized>true</uninitialized>
         <run_address>0x8001000</run_address>
         <size>0x20000</size>
         <input_file_ref idref="fl-20"/>
      </object_component>
      <object_component id="oc-434">
         <name>.bss:xFreeBuffersList</name>
         <uninitialized>true</uninitialized>
         <run_address>0x802d230</run_address>
         <size>0x14</size>
         <input_file_ref idref="fl-3"/>
      </object_component>
      <object_component id="oc-437">
         <name>.bss:xNetworkBuffers</name>
         <uninitialized>true</uninitialized>
         <run_address>0x802c864</run_address>
         <size>0x6c0</size>
         <input_file_ref idref="fl-3"/>
      </object_component>
      <object_component id="oc-34f">
         <name>.bss:xBoundSocketsList</name>
         <uninitialized>true</uninitialized>
         <run_address>0x802d21c</run_address>
         <size>0x14</size>
         <input_file_ref idref="fl-6"/>
      </object_component>
      <object_component id="oc-2fb">
         <name>.bss:xARPCache</name>
         <uninitialized>true</uninitialized>
         <run_address>0x802d014</run_address>
         <size>0x48</size>
         <input_file_ref idref="fl-7"/>
      </object_component>
      <object_component id="oc-443">
         <name>.bss:pbufs</name>
         <uninitialized>true</uninitialized>
         <run_address>0x802cf9c</run_address>
         <size>0x78</size>
         <input_file_ref idref="fl-8"/>
      </object_component>
      <object_component id="oc-1f2">
         <name>.bss:pbuf_array</name>
         <uninitialized>true</uninitialized>
         <run_address>0x8028d40</run_address>
         <size>0x3b24</size>
         <input_file_ref idref="fl-f"/>
      </object_component>
      <object_component id="oc-1da">
         <name>.bss:emacRxData</name>
         <uninitialized>true</uninitialized>
         <run_address>0x8021000</run_address>
         <size>0x7d40</size>
         <input_file_ref idref="fl-1d"/>
      </object_component>
      <object_component id="oc-464">
         <name>.bss:xStart</name>
         <uninitialized>true</uninitialized>
         <run_address>0x802d244</run_address>
         <size>0x8</size>
         <input_file_ref idref="fl-20"/>
      </object_component>
      <object_component id="oc-335">
         <name>.bss:g_sciTransfer_t</name>
         <uninitialized>true</uninitialized>
         <run_address>0x802d1f4</run_address>
         <size>0x28</size>
         <input_file_ref idref="fl-2c"/>
      </object_component>
      <object_component id="oc-358">
         <name>.bss:g_spiPacket_t</name>
         <uninitialized>true</uninitialized>
         <run_address>0x802cf24</run_address>
         <size>0x78</size>
         <input_file_ref idref="fl-2d"/>
      </object_component>
      <object_component id="oc-190">
         <name>.common:g_ucSciLinTxReg</name>
         <uninitialized>true</uninitialized>
         <run_address>0x802d11c</run_address>
         <size>0x40</size>
      </object_component>
      <object_component id="oc-19b">
         <name>.common:g_ucSciLinRxReg</name>
         <uninitialized>true</uninitialized>
         <run_address>0x802d0dc</run_address>
         <size>0x40</size>
      </object_component>
      <object_component id="oc-1dd">
         <name>.common:xEmacRxQueue</name>
         <uninitialized>true</uninitialized>
         <run_address>0x802d258</run_address>
         <size>0x4</size>
      </object_component>
      <object_component id="oc-a8">
         <name>.common:hdkif_data</name>
         <uninitialized>true</uninitialized>
         <run_address>0x802d15c</run_address>
         <size>0x3c</size>
      </object_component>
      <object_component id="oc-342">
         <name>.common:g_aucResponsePacket</name>
         <uninitialized>true</uninitialized>
         <run_address>0x802d09c</run_address>
         <size>0x40</size>
      </object_component>
      <object_component id="oc-341">
         <name>.common:g_aucAppReceiveBufferForSCI2</name>
         <uninitialized>true</uninitialized>
         <run_address>0x802d05c</run_address>
         <size>0x40</size>
      </object_component>
      <object_component id="oc-33b">
         <name>.common:g_stDisInReg</name>
         <uninitialized>true</uninitialized>
         <run_address>0x802d254</run_address>
         <size>0x4</size>
      </object_component>
      <object_component id="oc-48e">
         <name>.common:g_stDisOutReg</name>
         <uninitialized>true</uninitialized>
         <run_address>0x802d198</run_address>
         <size>0x2e</size>
      </object_component>
      <object_component id="oc-33c">
         <name>.common:g_stAnalogInputReg</name>
         <uninitialized>true</uninitialized>
         <run_address>0x802d1c6</run_address>
         <size>0x2c</size>
      </object_component>
      <object_component id="oc-19f">
         <name>.common:EthernetTaskHandle</name>
         <uninitialized>true</uninitialized>
         <run_address>0x802d250</run_address>
         <size>0x4</size>
      </object_component>
      <object_component id="oc-1a0">
         <name>.common:EMIFTaskHandle</name>
         <uninitialized>true</uninitialized>
         <run_address>0x802d24c</run_address>
         <size>0x4</size>
      </object_component>
      <object_component id="oc-181">
         <name>.common:xRecursiveMutex</name>
         <uninitialized>true</uninitialized>
         <run_address>0x802d25c</run_address>
         <size>0x4</size>
      </object_component>
      <object_component id="oc-431">
         <name>.data</name>
         <load_address>0x802d6f8</load_address>
         <run_address>0x802d6f8</run_address>
         <size>0x4</size>
         <input_file_ref idref="fl-3"/>
      </object_component>
      <object_component id="oc-355">
         <name>.data</name>
         <load_address>0x802d6de</load_address>
         <run_address>0x802d6de</run_address>
         <size>0x2</size>
         <input_file_ref idref="fl-6"/>
      </object_component>
      <object_component id="oc-2ed">
         <name>.data</name>
         <load_address>0x802d668</load_address>
         <run_address>0x802d668</run_address>
         <size>0x18</size>
         <input_file_ref idref="fl-7"/>
      </object_component>
      <object_component id="oc-2f2">
         <name>.data:xDefaultPartUDPPacketHeader</name>
         <load_address>0x802d698</load_address>
         <run_address>0x802d698</run_address>
         <size>0x18</size>
         <input_file_ref idref="fl-7"/>
      </object_component>
      <object_component id="oc-2f5">
         <name>.data:xNetworkAddressing</name>
         <load_address>0x802d6c0</load_address>
         <run_address>0x802d6c0</run_address>
         <size>0x10</size>
         <input_file_ref idref="fl-7"/>
      </object_component>
      <object_component id="oc-440">
         <name>.data</name>
         <load_address>0x802d6d0</load_address>
         <run_address>0x802d6d0</run_address>
         <size>0xd</size>
         <input_file_ref idref="fl-8"/>
      </object_component>
      <object_component id="oc-1d7">
         <name>.data</name>
         <load_address>0x802d6fc</load_address>
         <run_address>0x802d6fc</run_address>
         <size>0x4</size>
         <input_file_ref idref="fl-1d"/>
      </object_component>
      <object_component id="oc-461">
         <name>.data</name>
         <load_address>0x802d6b0</load_address>
         <run_address>0x802d6b0</run_address>
         <size>0x10</size>
         <input_file_ref idref="fl-20"/>
      </object_component>
      <object_component id="oc-21e">
         <name>.data</name>
         <load_address>0x802d6e0</load_address>
         <run_address>0x802d6e0</run_address>
         <size>0x8</size>
         <input_file_ref idref="fl-23"/>
      </object_component>
      <object_component id="oc-33e">
         <name>.data</name>
         <load_address>0x802d6e8</load_address>
         <run_address>0x802d6e8</run_address>
         <size>0x8</size>
         <input_file_ref idref="fl-2b"/>
      </object_component>
      <object_component id="oc-349">
         <name>.data:g_stModbusDiscreteDigitalInputReg</name>
         <load_address>0x802d578</load_address>
         <run_address>0x802d578</run_address>
         <size>0xf0</size>
         <input_file_ref idref="fl-2b"/>
      </object_component>
      <object_component id="oc-346">
         <name>.data:g_stModbusAnalogInputReg</name>
         <load_address>0x802d488</load_address>
         <run_address>0x802d488</run_address>
         <size>0xf0</size>
         <input_file_ref idref="fl-2b"/>
      </object_component>
      <object_component id="oc-343">
         <name>.data:g_stModbusDiscreteDigitalOutputReg</name>
         <load_address>0x802d260</load_address>
         <run_address>0x802d260</run_address>
         <size>0x228</size>
         <input_file_ref idref="fl-2b"/>
      </object_component>
      <object_component id="oc-19c">
         <name>.data</name>
         <load_address>0x802d680</load_address>
         <run_address>0x802d680</run_address>
         <size>0x18</size>
         <input_file_ref idref="fl-31"/>
      </object_component>
      <object_component id="oc-184">
         <name>.data:emacAddress</name>
         <load_address>0x802d6f0</load_address>
         <run_address>0x802d6f0</run_address>
         <size>0x6</size>
         <input_file_ref idref="fl-31"/>
      </object_component>
      <object_component id="oc-191">
         <name>.debug_info</name>
         <load_address>0x0</load_address>
         <run_address>0x0</run_address>
         <size>0x4f1</size>
         <input_file_ref idref="fl-2"/>
      </object_component>
      <object_component id="oc-2c5">
         <name>.debug_info</name>
         <load_address>0x4f1</load_address>
         <run_address>0x4f1</run_address>
         <size>0x30c</size>
         <input_file_ref idref="fl-2"/>
      </object_component>
      <object_component id="oc-1f8">
         <name>.debug_info</name>
         <load_address>0x7fd</load_address>
         <run_address>0x7fd</run_address>
         <size>0x26b</size>
         <input_file_ref idref="fl-2"/>
      </object_component>
      <object_component id="oc-b5">
         <name>.debug_info</name>
         <load_address>0xa68</load_address>
         <run_address>0xa68</run_address>
         <size>0x157</size>
         <input_file_ref idref="fl-2"/>
      </object_component>
      <object_component id="oc-252">
         <name>.debug_info</name>
         <load_address>0xbbf</load_address>
         <run_address>0xbbf</run_address>
         <size>0x791</size>
         <input_file_ref idref="fl-2"/>
      </object_component>
      <object_component id="oc-373">
         <name>.debug_info</name>
         <load_address>0x1350</load_address>
         <run_address>0x1350</run_address>
         <size>0x395</size>
         <input_file_ref idref="fl-2"/>
      </object_component>
      <object_component id="oc-1a2">
         <name>.debug_info</name>
         <load_address>0x16e5</load_address>
         <run_address>0x16e5</run_address>
         <size>0xe1</size>
         <input_file_ref idref="fl-2"/>
      </object_component>
      <object_component id="oc-c7">
         <name>.debug_info</name>
         <load_address>0x17c6</load_address>
         <run_address>0x17c6</run_address>
         <size>0x8b</size>
         <input_file_ref idref="fl-2"/>
      </object_component>
      <object_component id="oc-2bf">
         <name>.debug_info</name>
         <load_address>0x1851</load_address>
         <run_address>0x1851</run_address>
         <size>0x2c</size>
         <input_file_ref idref="fl-2"/>
      </object_component>
      <object_component id="oc-3c0">
         <name>.debug_info</name>
         <load_address>0x187d</load_address>
         <run_address>0x187d</run_address>
         <size>0x2a4</size>
         <input_file_ref idref="fl-2"/>
      </object_component>
      <object_component id="oc-1b6">
         <name>.debug_info</name>
         <load_address>0x1b21</load_address>
         <run_address>0x1b21</run_address>
         <size>0xbb</size>
         <input_file_ref idref="fl-2"/>
      </object_component>
      <object_component id="oc-243">
         <name>.debug_info</name>
         <load_address>0x1bdc</load_address>
         <run_address>0x1bdc</run_address>
         <size>0x2c</size>
         <input_file_ref idref="fl-2"/>
      </object_component>
      <object_component id="oc-cc">
         <name>.debug_info</name>
         <load_address>0x1c08</load_address>
         <run_address>0x1c08</run_address>
         <size>0x86</size>
         <input_file_ref idref="fl-2"/>
      </object_component>
      <object_component id="oc-261">
         <name>.debug_info</name>
         <load_address>0x1c8e</load_address>
         <run_address>0x1c8e</run_address>
         <size>0x35</size>
         <input_file_ref idref="fl-2"/>
      </object_component>
      <object_component id="oc-3f2">
         <name>.debug_info</name>
         <load_address>0x1cc3</load_address>
         <run_address>0x1cc3</run_address>
         <size>0x38f</size>
         <input_file_ref idref="fl-2"/>
      </object_component>
      <object_component id="oc-207">
         <name>.debug_info</name>
         <load_address>0x2052</load_address>
         <run_address>0x2052</run_address>
         <size>0x1f9</size>
         <input_file_ref idref="fl-2"/>
      </object_component>
      <object_component id="oc-487">
         <name>.debug_info</name>
         <load_address>0x224b</load_address>
         <run_address>0x224b</run_address>
         <size>0x12a</size>
         <input_file_ref idref="fl-2"/>
      </object_component>
      <object_component id="oc-275">
         <name>.debug_info</name>
         <load_address>0x2375</load_address>
         <run_address>0x2375</run_address>
         <size>0x3d3</size>
         <input_file_ref idref="fl-2"/>
      </object_component>
      <object_component id="oc-364">
         <name>.debug_info</name>
         <load_address>0x2748</load_address>
         <run_address>0x2748</run_address>
         <size>0x243</size>
         <input_file_ref idref="fl-2"/>
      </object_component>
      <object_component id="oc-3b0">
         <name>.debug_info</name>
         <load_address>0x298b</load_address>
         <run_address>0x298b</run_address>
         <size>0x18e</size>
         <input_file_ref idref="fl-2"/>
      </object_component>
      <object_component id="oc-36e">
         <name>.debug_info</name>
         <load_address>0x2b19</load_address>
         <run_address>0x2b19</run_address>
         <size>0x14c</size>
         <input_file_ref idref="fl-2"/>
      </object_component>
      <object_component id="oc-3be">
         <name>.debug_info</name>
         <load_address>0x2c65</load_address>
         <run_address>0x2c65</run_address>
         <size>0x6d0</size>
         <input_file_ref idref="fl-3"/>
      </object_component>
      <object_component id="oc-435">
         <name>.debug_info</name>
         <load_address>0x3335</load_address>
         <run_address>0x3335</run_address>
         <size>0xf7</size>
         <input_file_ref idref="fl-3"/>
      </object_component>
      <object_component id="oc-438">
         <name>.debug_info</name>
         <load_address>0x342c</load_address>
         <run_address>0x342c</run_address>
         <size>0xf5</size>
         <input_file_ref idref="fl-3"/>
      </object_component>
      <object_component id="oc-432">
         <name>.debug_info</name>
         <load_address>0x3521</load_address>
         <run_address>0x3521</run_address>
         <size>0x105</size>
         <input_file_ref idref="fl-3"/>
      </object_component>
      <object_component id="oc-2dd">
         <name>.debug_info</name>
         <load_address>0x3626</load_address>
         <run_address>0x3626</run_address>
         <size>0x857</size>
         <input_file_ref idref="fl-3"/>
      </object_component>
      <object_component id="oc-309">
         <name>.debug_info</name>
         <load_address>0x3e7d</load_address>
         <run_address>0x3e7d</run_address>
         <size>0x70c</size>
         <input_file_ref idref="fl-3"/>
      </object_component>
      <object_component id="oc-53">
         <name>.debug_info</name>
         <load_address>0x4589</load_address>
         <run_address>0x4589</run_address>
         <size>0x84</size>
         <input_file_ref idref="fl-3"/>
      </object_component>
      <object_component id="oc-2ca">
         <name>.debug_info</name>
         <load_address>0x460d</load_address>
         <run_address>0x460d</run_address>
         <size>0x46</size>
         <input_file_ref idref="fl-3"/>
      </object_component>
      <object_component id="oc-378">
         <name>.debug_info</name>
         <load_address>0x4653</load_address>
         <run_address>0x4653</run_address>
         <size>0x2c</size>
         <input_file_ref idref="fl-3"/>
      </object_component>
      <object_component id="oc-30e">
         <name>.debug_info</name>
         <load_address>0x467f</load_address>
         <run_address>0x467f</run_address>
         <size>0x53</size>
         <input_file_ref idref="fl-3"/>
      </object_component>
      <object_component id="oc-1ac">
         <name>.debug_info</name>
         <load_address>0x46d2</load_address>
         <run_address>0x46d2</run_address>
         <size>0xb1</size>
         <input_file_ref idref="fl-3"/>
      </object_component>
      <object_component id="oc-3bf">
         <name>.debug_info</name>
         <load_address>0x4783</load_address>
         <run_address>0x4783</run_address>
         <size>0x236</size>
         <input_file_ref idref="fl-4"/>
      </object_component>
      <object_component id="oc-2cf">
         <name>.debug_info</name>
         <load_address>0x49b9</load_address>
         <run_address>0x49b9</run_address>
         <size>0x46</size>
         <input_file_ref idref="fl-4"/>
      </object_component>
      <object_component id="oc-1b1">
         <name>.debug_info</name>
         <load_address>0x49ff</load_address>
         <run_address>0x49ff</run_address>
         <size>0x6f</size>
         <input_file_ref idref="fl-4"/>
      </object_component>
      <object_component id="oc-357">
         <name>.debug_info</name>
         <load_address>0x4a6e</load_address>
         <run_address>0x4a6e</run_address>
         <size>0x929</size>
         <input_file_ref idref="fl-6"/>
      </object_component>
      <object_component id="oc-350">
         <name>.debug_info</name>
         <load_address>0x5397</load_address>
         <run_address>0x5397</run_address>
         <size>0xf7</size>
         <input_file_ref idref="fl-6"/>
      </object_component>
      <object_component id="oc-353">
         <name>.debug_info</name>
         <load_address>0x548e</load_address>
         <run_address>0x548e</run_address>
         <size>0xe4</size>
         <input_file_ref idref="fl-6"/>
      </object_component>
      <object_component id="oc-176">
         <name>.debug_info</name>
         <load_address>0x5572</load_address>
         <run_address>0x5572</run_address>
         <size>0x1615</size>
         <input_file_ref idref="fl-6"/>
      </object_component>
      <object_component id="oc-49d">
         <name>.debug_info</name>
         <load_address>0x6b87</load_address>
         <run_address>0x6b87</run_address>
         <size>0xb2</size>
         <input_file_ref idref="fl-6"/>
      </object_component>
      <object_component id="oc-308">
         <name>.debug_info</name>
         <load_address>0x6c39</load_address>
         <run_address>0x6c39</run_address>
         <size>0xa70</size>
         <input_file_ref idref="fl-7"/>
      </object_component>
      <object_component id="oc-2ee">
         <name>.debug_info</name>
         <load_address>0x76a9</load_address>
         <run_address>0x76a9</run_address>
         <size>0x15e</size>
         <input_file_ref idref="fl-7"/>
      </object_component>
      <object_component id="oc-2fc">
         <name>.debug_info</name>
         <load_address>0x7807</load_address>
         <run_address>0x7807</run_address>
         <size>0xe7</size>
         <input_file_ref idref="fl-7"/>
      </object_component>
      <object_component id="oc-2ff">
         <name>.debug_info</name>
         <load_address>0x78ee</load_address>
         <run_address>0x78ee</run_address>
         <size>0xf3</size>
         <input_file_ref idref="fl-7"/>
      </object_component>
      <object_component id="oc-302">
         <name>.debug_info</name>
         <load_address>0x79e1</load_address>
         <run_address>0x79e1</run_address>
         <size>0xfd</size>
         <input_file_ref idref="fl-7"/>
      </object_component>
      <object_component id="oc-2f3">
         <name>.debug_info</name>
         <load_address>0x7ade</load_address>
         <run_address>0x7ade</run_address>
         <size>0x10c</size>
         <input_file_ref idref="fl-7"/>
      </object_component>
      <object_component id="oc-305">
         <name>.debug_info</name>
         <load_address>0x7bea</load_address>
         <run_address>0x7bea</run_address>
         <size>0x10b</size>
         <input_file_ref idref="fl-7"/>
      </object_component>
      <object_component id="oc-2f6">
         <name>.debug_info</name>
         <load_address>0x7cf5</load_address>
         <run_address>0x7cf5</run_address>
         <size>0xf9</size>
         <input_file_ref idref="fl-7"/>
      </object_component>
      <object_component id="oc-2f9">
         <name>.debug_info</name>
         <load_address>0x7dee</load_address>
         <run_address>0x7dee</run_address>
         <size>0xe3</size>
         <input_file_ref idref="fl-7"/>
      </object_component>
      <object_component id="oc-152">
         <name>.debug_info</name>
         <load_address>0x7ed1</load_address>
         <run_address>0x7ed1</run_address>
         <size>0x3216</size>
         <input_file_ref idref="fl-7"/>
      </object_component>
      <object_component id="oc-313">
         <name>.debug_info</name>
         <load_address>0xb0e7</load_address>
         <run_address>0xb0e7</run_address>
         <size>0xda</size>
         <input_file_ref idref="fl-7"/>
      </object_component>
      <object_component id="oc-1de">
         <name>.debug_info</name>
         <load_address>0xb1c1</load_address>
         <run_address>0xb1c1</run_address>
         <size>0x8c9</size>
         <input_file_ref idref="fl-8"/>
      </object_component>
      <object_component id="oc-441">
         <name>.debug_info</name>
         <load_address>0xba8a</load_address>
         <run_address>0xba8a</run_address>
         <size>0x175</size>
         <input_file_ref idref="fl-8"/>
      </object_component>
      <object_component id="oc-444">
         <name>.debug_info</name>
         <load_address>0xbbff</load_address>
         <run_address>0xbbff</run_address>
         <size>0xdf</size>
         <input_file_ref idref="fl-8"/>
      </object_component>
      <object_component id="oc-2e2">
         <name>.debug_info</name>
         <load_address>0xbcde</load_address>
         <run_address>0xbcde</run_address>
         <size>0x663</size>
         <input_file_ref idref="fl-8"/>
      </object_component>
      <object_component id="oc-39f">
         <name>.debug_info</name>
         <load_address>0xc341</load_address>
         <run_address>0xc341</run_address>
         <size>0x63</size>
         <input_file_ref idref="fl-8"/>
      </object_component>
      <object_component id="oc-1fd">
         <name>.debug_info</name>
         <load_address>0xc3a4</load_address>
         <run_address>0xc3a4</run_address>
         <size>0x515</size>
         <input_file_ref idref="fl-8"/>
      </object_component>
      <object_component id="oc-202">
         <name>.debug_info</name>
         <load_address>0xc8b9</load_address>
         <run_address>0xc8b9</run_address>
         <size>0x435</size>
         <input_file_ref idref="fl-8"/>
      </object_component>
      <object_component id="oc-289">
         <name>.debug_info</name>
         <load_address>0xccee</load_address>
         <run_address>0xccee</run_address>
         <size>0x551</size>
         <input_file_ref idref="fl-8"/>
      </object_component>
      <object_component id="oc-3de">
         <name>.debug_info</name>
         <load_address>0xd23f</load_address>
         <run_address>0xd23f</run_address>
         <size>0x4c</size>
         <input_file_ref idref="fl-8"/>
      </object_component>
      <object_component id="oc-20c">
         <name>.debug_info</name>
         <load_address>0xd28b</load_address>
         <run_address>0xd28b</run_address>
         <size>0x6a6</size>
         <input_file_ref idref="fl-8"/>
      </object_component>
      <object_component id="oc-211">
         <name>.debug_info</name>
         <load_address>0xd931</load_address>
         <run_address>0xd931</run_address>
         <size>0x13e</size>
         <input_file_ref idref="fl-8"/>
      </object_component>
      <object_component id="oc-22f">
         <name>.debug_info</name>
         <load_address>0xda6f</load_address>
         <run_address>0xda6f</run_address>
         <size>0x2fe</size>
         <input_file_ref idref="fl-9"/>
      </object_component>
      <object_component id="oc-c2">
         <name>.debug_info</name>
         <load_address>0xdd6d</load_address>
         <run_address>0xdd6d</run_address>
         <size>0x18c</size>
         <input_file_ref idref="fl-9"/>
      </object_component>
      <object_component id="oc-216">
         <name>.debug_info</name>
         <load_address>0xdef9</load_address>
         <run_address>0xdef9</run_address>
         <size>0x2d0</size>
         <input_file_ref idref="fl-9"/>
      </object_component>
      <object_component id="oc-408">
         <name>.debug_info</name>
         <load_address>0xe1c9</load_address>
         <run_address>0xe1c9</run_address>
         <size>0x2ed</size>
         <input_file_ref idref="fl-a"/>
      </object_component>
      <object_component id="oc-266">
         <name>.debug_info</name>
         <load_address>0xe4b6</load_address>
         <run_address>0xe4b6</run_address>
         <size>0x437</size>
         <input_file_ref idref="fl-a"/>
      </object_component>
      <object_component id="oc-4d9">
         <name>.debug_info</name>
         <load_address>0xe8ed</load_address>
         <run_address>0xe8ed</run_address>
         <size>0x15f</size>
         <input_file_ref idref="fl-a"/>
      </object_component>
      <object_component id="oc-bb">
         <name>.debug_info</name>
         <load_address>0xea4c</load_address>
         <run_address>0xea4c</run_address>
         <size>0xee</size>
         <input_file_ref idref="fl-c"/>
      </object_component>
      <object_component id="oc-4ab">
         <name>.debug_info</name>
         <load_address>0xeb3a</load_address>
         <run_address>0xeb3a</run_address>
         <size>0x283</size>
         <input_file_ref idref="fl-d"/>
      </object_component>
      <object_component id="oc-528">
         <name>.debug_info</name>
         <load_address>0xedbd</load_address>
         <run_address>0xedbd</run_address>
         <size>0x155</size>
         <input_file_ref idref="fl-d"/>
      </object_component>
      <object_component id="oc-39a">
         <name>.debug_info</name>
         <load_address>0xef12</load_address>
         <run_address>0xef12</run_address>
         <size>0x116</size>
         <input_file_ref idref="fl-d"/>
      </object_component>
      <object_component id="oc-a9">
         <name>.debug_info</name>
         <load_address>0xf028</load_address>
         <run_address>0xf028</run_address>
         <size>0x64d</size>
         <input_file_ref idref="fl-f"/>
      </object_component>
      <object_component id="oc-1f3">
         <name>.debug_info</name>
         <load_address>0xf675</load_address>
         <run_address>0xf675</run_address>
         <size>0xd0</size>
         <input_file_ref idref="fl-f"/>
      </object_component>
      <object_component id="oc-a3">
         <name>.debug_info</name>
         <load_address>0xf745</load_address>
         <run_address>0xf745</run_address>
         <size>0x3071</size>
         <input_file_ref idref="fl-f"/>
      </object_component>
      <object_component id="oc-25">
         <name>.debug_info</name>
         <load_address>0x127b6</load_address>
         <run_address>0x127b6</run_address>
         <size>0x21b</size>
         <input_file_ref idref="fl-f"/>
      </object_component>
      <object_component id="oc-24f">
         <name>.debug_info</name>
         <load_address>0x129d1</load_address>
         <run_address>0x129d1</run_address>
         <size>0x276</size>
         <input_file_ref idref="fl-10"/>
      </object_component>
      <object_component id="oc-100">
         <name>.debug_info</name>
         <load_address>0x12c47</load_address>
         <run_address>0x12c47</run_address>
         <size>0x377</size>
         <input_file_ref idref="fl-10"/>
      </object_component>
      <object_component id="oc-270">
         <name>.debug_info</name>
         <load_address>0x12fbe</load_address>
         <run_address>0x12fbe</run_address>
         <size>0x18e</size>
         <input_file_ref idref="fl-10"/>
      </object_component>
      <object_component id="oc-402">
         <name>.debug_info</name>
         <load_address>0x1314c</load_address>
         <run_address>0x1314c</run_address>
         <size>0x1c8</size>
         <input_file_ref idref="fl-10"/>
      </object_component>
      <object_component id="oc-24b">
         <name>.debug_info</name>
         <load_address>0x13314</load_address>
         <run_address>0x13314</run_address>
         <size>0x2ad</size>
         <input_file_ref idref="fl-12"/>
      </object_component>
      <object_component id="oc-79">
         <name>.debug_info</name>
         <load_address>0x135c1</load_address>
         <run_address>0x135c1</run_address>
         <size>0x62e</size>
         <input_file_ref idref="fl-12"/>
      </object_component>
      <object_component id="oc-f3">
         <name>.debug_info</name>
         <load_address>0x13bef</load_address>
         <run_address>0x13bef</run_address>
         <size>0x9e7</size>
         <input_file_ref idref="fl-12"/>
      </object_component>
      <object_component id="oc-114">
         <name>.debug_info</name>
         <load_address>0x145d6</load_address>
         <run_address>0x145d6</run_address>
         <size>0x305</size>
         <input_file_ref idref="fl-13"/>
      </object_component>
      <object_component id="oc-91">
         <name>.debug_info</name>
         <load_address>0x148db</load_address>
         <run_address>0x148db</run_address>
         <size>0xb1a</size>
         <input_file_ref idref="fl-13"/>
      </object_component>
      <object_component id="oc-31">
         <name>.debug_info</name>
         <load_address>0x153f5</load_address>
         <run_address>0x153f5</run_address>
         <size>0x17a</size>
         <input_file_ref idref="fl-13"/>
      </object_component>
      <object_component id="oc-224">
         <name>.debug_info</name>
         <load_address>0x1556f</load_address>
         <run_address>0x1556f</run_address>
         <size>0x1de</size>
         <input_file_ref idref="fl-13"/>
      </object_component>
      <object_component id="oc-10f">
         <name>.debug_info</name>
         <load_address>0x1574d</load_address>
         <run_address>0x1574d</run_address>
         <size>0x129</size>
         <input_file_ref idref="fl-13"/>
      </object_component>
      <object_component id="oc-34e">
         <name>.debug_info</name>
         <load_address>0x15876</load_address>
         <run_address>0x15876</run_address>
         <size>0x2a2</size>
         <input_file_ref idref="fl-14"/>
      </object_component>
      <object_component id="oc-170">
         <name>.debug_info</name>
         <load_address>0x15b18</load_address>
         <run_address>0x15b18</run_address>
         <size>0x2714</size>
         <input_file_ref idref="fl-14"/>
      </object_component>
      <object_component id="oc-1a7">
         <name>.debug_info</name>
[...]
         <value>0x10e8c</value>
         <object_component_ref idref="oc-94"/>
      </symbol>
      <symbol id="sm-10ed">
         <name>UARTwrite</name>
         <value>0x1136c</value>
         <object_component_ref idref="oc-94"/>
      </symbol>
      <symbol id="sm-10ee">
         <name>emifSetOutputOld</name>
         <value>0x11008</value>
         <object_component_ref idref="oc-94"/>
      </symbol>
      <symbol id="sm-10ef">
         <name>emacAddress</name>
         <value>0x802d6f0</value>
         <object_component_ref idref="oc-184"/>
      </symbol>
      <symbol id="sm-10f0">
         <name>vApplicationMallocFailedHook</name>
         <value>0x105c0</value>
         <object_component_ref idref="oc-94"/>
      </symbol>
      <symbol id="sm-1109">
         <name>phantomInterrupt</name>
         <value>0x1b0c0</value>
         <object_component_ref idref="oc-38"/>
      </symbol>
      <symbol id="sm-1113">
         <name>_pmuResetCounters_</name>
         <value>0x1acd8</value>
         <object_component_ref idref="oc-107"/>
      </symbol>
      <symbol id="sm-1114">
         <name>_pmuGetEventCount_</name>
         <value>0x1ad0c</value>
         <object_component_ref idref="oc-107"/>
      </symbol>
      <symbol id="sm-1115">
         <name>_pmuResetEventCounters_</name>
         <value>0x1acc8</value>
         <object_component_ref idref="oc-107"/>
      </symbol>
      <symbol id="sm-1116">
         <name>_pmuStopCounters_</name>
         <value>0x1acf0</value>
         <object_component_ref idref="oc-107"/>
      </symbol>
      <symbol id="sm-1117">
         <name>_pmuInit_</name>
         <value>0x1ac4c</value>
         <object_component_ref idref="oc-107"/>
      </symbol>
      <symbol id="sm-1118">
         <name>_pmuGetOverflow_</name>
         <value>0x1ad18</value>
         <object_component_ref idref="oc-107"/>
      </symbol>
      <symbol id="sm-1119">
         <name>_pmuResetCycleCounter_</name>
         <value>0x1acb8</value>
         <object_component_ref idref="oc-107"/>
      </symbol>
      <symbol id="sm-111a">
         <name>_pmuSetCountEvent_</name>
         <value>0x1acf8</value>
         <object_component_ref idref="oc-107"/>
      </symbol>
      <symbol id="sm-111b">
         <name>_pmuGetCycleCount_</name>
         <value>0x1ad04</value>
         <object_component_ref idref="oc-107"/>
      </symbol>
      <symbol id="sm-111c">
         <name>_pmuEnableCountersGlobal_</name>
         <value>0x1ac98</value>
         <object_component_ref idref="oc-107"/>
      </symbol>
      <symbol id="sm-111d">
         <name>_pmuDisableCountersGlobal_</name>
         <value>0x1aca8</value>
         <object_component_ref idref="oc-107"/>
      </symbol>
      <symbol id="sm-111e">
         <name>_pmuStartCounters_</name>
         <value>0x1ace8</value>
         <object_component_ref idref="oc-107"/>
      </symbol>
      <symbol id="sm-12de">
         <name>pbistSelfCheck</name>
         <value>0x82cc</value>
         <object_component_ref idref="oc-87"/>
      </symbol>
      <symbol id="sm-12df">
         <name>fmcBus1ParityCheck</name>
         <value>0xa2c4</value>
         <object_component_ref idref="oc-87"/>
      </symbol>
      <symbol id="sm-12e0">
         <name>can1ParityCheck</name>
         <value>0x9410</value>
         <object_component_ref idref="oc-87"/>
      </symbol>
      <symbol id="sm-12e1">
         <name>enableParity</name>
         <value>0xaad0</value>
         <object_component_ref idref="oc-87"/>
      </symbol>
      <symbol id="sm-12e2">
         <name>dmaParityCheck</name>
         <value>0x8eac</value>
         <object_component_ref idref="oc-87"/>
      </symbol>
      <symbol id="sm-12e3">
         <name>custom_dabort</name>
         <value>0x8df4</value>
         <object_component_ref idref="oc-87"/>
      </symbol>
      <symbol id="sm-12e4">
         <name>memoryInit</name>
         <value>0x8174</value>
         <object_component_ref idref="oc-87"/>
      </symbol>
      <symbol id="sm-12e5">
         <name>stcSelfCheck</name>
         <value>0x81b8</value>
         <object_component_ref idref="oc-87"/>
      </symbol>
      <symbol id="sm-12e6">
         <name>efcGetConfigValue</name>
         <value>0xa660</value>
         <object_component_ref idref="oc-87"/>
      </symbol>
      <symbol id="sm-12e7">
         <name>can2ParityCheck</name>
         <value>0x94e8</value>
         <object_component_ref idref="oc-87"/>
      </symbol>
      <symbol id="sm-12e8">
         <name>het1ParityCheck</name>
         <value>0x8f58</value>
         <object_component_ref idref="oc-87"/>
      </symbol>
      <symbol id="sm-12e9">
         <name>adc1ParityCheck</name>
         <value>0x926c</value>
         <object_component_ref idref="oc-87"/>
      </symbol>
      <symbol id="sm-12ea">
         <name>checkefcSelfTest</name>
         <value>0x87bc</value>
         <object_component_ref idref="oc-87"/>
      </symbol>
      <symbol id="sm-12eb">
         <name>checkRAMECC</name>
         <value>0x99d0</value>
         <object_component_ref idref="oc-87"/>
      </symbol>
      <symbol id="sm-12ec">
         <name>stcSelfCheckFail</name>
         <value>0x8df8</value>
         <object_component_ref idref="oc-87"/>
      </symbol>
      <symbol id="sm-12ed">
         <name>ccmSelfCheck</name>
         <value>0x8030</value>
         <object_component_ref idref="oc-87"/>
      </symbol>
      <symbol id="sm-12ee">
         <name>efcCheck</name>
         <value>0x8660</value>
         <object_component_ref idref="oc-87"/>
      </symbol>
      <symbol id="sm-12ef">
         <name>het2ParityCheck</name>
         <value>0x90c0</value>
         <object_component_ref idref="oc-87"/>
      </symbol>
      <symbol id="sm-12f0">
         <name>adc2ParityCheck</name>
         <value>0x9358</value>
         <object_component_ref idref="oc-87"/>
      </symbol>
      <symbol id="sm-12f1">
         <name>cpuSelfTest</name>
         <value>0x8234</value>
         <object_component_ref idref="oc-87"/>
      </symbol>
      <symbol id="sm-12f2">
         <name>htu1ParityCheck</name>
         <value>0x9004</value>
         <object_component_ref idref="oc-87"/>
      </symbol>
      <symbol id="sm-12f3">
         <name>checkFlashECC</name>
         <value>0x8d18</value>
         <object_component_ref idref="oc-87"/>
      </symbol>
      <symbol id="sm-12f4">
         <name>cpuSelfTestFail</name>
         <value>0x8dfc</value>
         <object_component_ref idref="oc-87"/>
      </symbol>
      <symbol id="sm-12f5">
         <name>checkPLL1Slip</name>
         <value>0x9e8c</value>
         <object_component_ref idref="oc-87"/>
      </symbol>
      <symbol id="sm-12f6">
         <name>mibspi1ParityCheck</name>
         <value>0x9684</value>
         <object_component_ref idref="oc-87"/>
      </symbol>
      <symbol id="sm-12f7">
         <name>ccmr4GetConfigValue</name>
         <value>0xa6fc</value>
         <object_component_ref idref="oc-87"/>
      </symbol>
      <symbol id="sm-12f8">
         <name>htu2ParityCheck</name>
         <value>0x91bc</value>
         <object_component_ref idref="oc-87"/>
      </symbol>
      <symbol id="sm-12f9">
         <name>pbistPortTestStatus</name>
         <value>0x8608</value>
         <object_component_ref idref="oc-87"/>
      </symbol>
      <symbol id="sm-12fa">
         <name>checkFlashEEPROMECC</name>
         <value>0x9cf4</value>
         <object_component_ref idref="oc-87"/>
      </symbol>
      <symbol id="sm-12fb">
         <name>pbistGetConfigValue</name>
         <value>0xa470</value>
         <object_component_ref idref="oc-87"/>
      </symbol>
      <symbol id="sm-12fc">
         <name>vimParityCheck</name>
         <value>0x8e00</value>
         <object_component_ref idref="oc-87"/>
      </symbol>
      <symbol id="sm-12fd">
         <name>pbistIsTestCompleted</name>
         <value>0x85a8</value>
         <object_component_ref idref="oc-87"/>
      </symbol>
      <symbol id="sm-12fe">
         <name>disableParity</name>
         <value>0xab58</value>
         <object_component_ref idref="oc-87"/>
      </symbol>
      <symbol id="sm-12ff">
         <name>pbistRun</name>
         <value>0x84ac</value>
         <object_component_ref idref="oc-87"/>
      </symbol>
      <symbol id="sm-1300">
         <name>pbistFail</name>
         <value>0xa3ec</value>
         <object_component_ref idref="oc-87"/>
      </symbol>
      <symbol id="sm-1301">
         <name>selftestFailNotification</name>
         <value>0x8020</value>
         <object_component_ref idref="oc-87"/>
      </symbol>
      <symbol id="sm-1302">
         <name>errata_PBIST_4</name>
         <value>0xa76c</value>
         <object_component_ref idref="oc-87"/>
      </symbol>
      <symbol id="sm-1303">
         <name>mibspi3ParityCheck</name>
         <value>0x978c</value>
         <object_component_ref idref="oc-87"/>
      </symbol>
      <symbol id="sm-1304">
         <name>efcSelfTest</name>
         <value>0x8794</value>
         <object_component_ref idref="oc-87"/>
      </symbol>
      <symbol id="sm-1305">
         <name>checkB1RAMECC</name>
         <value>0x8b28</value>
         <object_component_ref idref="oc-87"/>
      </symbol>
      <symbol id="sm-1306">
         <name>pbistStop</name>
         <value>0x8578</value>
         <object_component_ref idref="oc-87"/>
      </symbol>
      <symbol id="sm-1307">
         <name>can3ParityCheck</name>
         <value>0x95b0</value>
         <object_component_ref idref="oc-87"/>
      </symbol>
      <symbol id="sm-1308">
         <name>checkRAMAddrParity</name>
         <value>0xa050</value>
         <object_component_ref idref="oc-87"/>
      </symbol>
      <symbol id="sm-1309">
         <name>mibspi5ParityCheck</name>
         <value>0x98b0</value>
         <object_component_ref idref="oc-87"/>
      </symbol>
      <symbol id="sm-130a">
         <name>checkB0RAMECC</name>
         <value>0x8938</value>
         <object_component_ref idref="oc-87"/>
      </symbol>
      <symbol id="sm-130b">
         <name>stcGetConfigValue</name>
         <value>0xa5bc</value>
         <object_component_ref idref="oc-87"/>
      </symbol>
      <symbol id="sm-130c">
         <name>pbistIsTestPassed</name>
         <value>0x85d4</value>
         <object_component_ref idref="oc-87"/>
      </symbol>
      <symbol id="sm-130d">
         <name>checkClockMonitor</name>
         <value>0x9c18</value>
         <object_component_ref idref="oc-87"/>
      </symbol>
      <symbol id="sm-130e">
         <name>fmcECCcheck</name>
         <value>0x8898</value>
         <object_component_ref idref="oc-87"/>
      </symbol>
      <symbol id="sm-130f">
         <name>fmcBus2Check</name>
         <value>0x885c</value>
         <object_component_ref idref="oc-87"/>
      </symbol>
      <symbol id="sm-1310">
         <name>checkRAMUERRTest</name>
         <value>0xa15c</value>
         <object_component_ref idref="oc-87"/>
      </symbol>
      <symbol id="sm-1311">
         <name>efcStuckZeroTest</name>
         <value>0x86e8</value>
         <object_component_ref idref="oc-87"/>
      </symbol>
      <symbol id="sm-1312">
         <name>checkPLL2Slip</name>
         <value>0x9f8c</value>
         <object_component_ref idref="oc-87"/>
      </symbol>
      <symbol id="sm-1344">
         <name>_c_int00</name>
         <value>0x19d6c</value>
         <object_component_ref idref="oc-1e"/>
      </symbol>
      <symbol id="sm-1345">
         <name>handlePLLLockFail</name>
         <value>0x1b0c4</value>
         <object_component_ref idref="oc-7b"/>
      </symbol>
      <symbol id="sm-13f5">
         <name>vimChannelMap</name>
         <value>0x14d44</value>
         <object_component_ref idref="oc-3f"/>
      </symbol>
      <symbol id="sm-13f6">
         <name>vimInit</name>
         <value>0x14c70</value>
         <object_component_ref idref="oc-3f"/>
      </symbol>
      <symbol id="sm-13f7">
         <name>vimEnableInterrupt</name>
         <value>0x14de8</value>
         <object_component_ref idref="oc-3f"/>
      </symbol>
      <symbol id="sm-13f8">
         <name>vimDisableInterrupt</name>
         <value>0x14fb0</value>
         <object_component_ref idref="oc-3f"/>
      </symbol>
      <symbol id="sm-13f9">
         <name>vimGetConfigValue</name>
         <value>0x1505c</value>
         <object_component_ref idref="oc-3f"/>
      </symbol>
      <symbol id="sm-13fa">
         <name>vimParityErrorHandler</name>
         <value>0x197fc</value>
         <object_component_ref idref="oc-3e"/>
      </symbol>
      <symbol id="sm-1455">
         <name>systemGetConfigValue</name>
         <value>0x14498</value>
         <object_component_ref idref="oc-81"/>
      </symbol>
      <symbol id="sm-1456">
         <name>trimLPO</name>
         <value>0x14168</value>
         <object_component_ref idref="oc-81"/>
      </symbol>
      <symbol id="sm-1457">
         <name>systemInit</name>
         <value>0x14398</value>
         <object_component_ref idref="oc-81"/>
      </symbol>
      <symbol id="sm-1458">
         <name>customTrimLPO</name>
         <value>0x14b94</value>
         <object_component_ref idref="oc-81"/>
      </symbol>
      <symbol id="sm-1459">
         <name>tcmflashGetConfigValue</name>
         <value>0x148ac</value>
         <object_component_ref idref="oc-81"/>
      </symbol>
      <symbol id="sm-145a">
         <name>sramGetConfigValue</name>
         <value>0x14a58</value>
         <object_component_ref idref="oc-81"/>
      </symbol>
      <symbol id="sm-145b">
         <name>periphInit</name>
         <value>0x1421c</value>
         <object_component_ref idref="oc-81"/>
      </symbol>
      <symbol id="sm-145c">
         <name>setupFlash</name>
         <value>0x141dc</value>
         <object_component_ref idref="oc-81"/>
      </symbol>
      <symbol id="sm-145d">
         <name>setupPLL</name>
         <value>0x14108</value>
         <object_component_ref idref="oc-81"/>
      </symbol>
      <symbol id="sm-145e">
         <name>mapClocks</name>
         <value>0x14270</value>
         <object_component_ref idref="oc-81"/>
      </symbol>
      <symbol id="sm-145f">
         <name>systemPowerDown</name>
         <value>0x14468</value>
         <object_component_ref idref="oc-81"/>
      </symbol>
      <symbol id="sm-148b">
         <name>floorl</name>
         <value>0x1ab6d</value>
         <object_component_ref idref="oc-32f"/>
      </symbol>
      <symbol id="sm-148c">
         <name>floor</name>
         <value>0x1ab6d</value>
         <object_component_ref idref="oc-32f"/>
      </symbol>
      <symbol id="sm-14aa">
         <name>memcpy</name>
         <value>0x1adf9</value>
         <object_component_ref idref="oc-58"/>
      </symbol>
      <symbol id="sm-14ab">
         <name>__aeabi_memcpy</name>
         <value>0x1adf9</value>
         <object_component_ref idref="oc-58"/>
      </symbol>
      <symbol id="sm-14ac">
         <name>__aeabi_memcpy8</name>
         <value>0x1adf9</value>
         <object_component_ref idref="oc-58"/>
      </symbol>
      <symbol id="sm-14ad">
         <name>__aeabi_memcpy4</name>
         <value>0x1adf9</value>
         <object_component_ref idref="oc-58"/>
      </symbol>
      <symbol id="sm-14b9">
         <name>__aeabi_idivmod</name>
         <value>0x1af7c</value>
         <object_component_ref idref="oc-43b"/>
      </symbol>
      <symbol id="sm-14ba">
         <name>__aeabi_idiv</name>
         <value>0x1af7c</value>
         <object_component_ref idref="oc-43b"/>
      </symbol>
      <symbol id="sm-14c6">
         <name>__aeabi_uidivmod</name>
         <value>0x1afd0</value>
         <object_component_ref idref="oc-3e3"/>
      </symbol>
      <symbol id="sm-14c7">
         <name>__aeabi_uidiv</name>
         <value>0x1afd0</value>
         <object_component_ref idref="oc-3e3"/>
      </symbol>
      <symbol id="sm-14d7">
         <name>__aeabi_memset</name>
         <value>0x1ae97</value>
         <object_component_ref idref="oc-eb"/>
      </symbol>
      <symbol id="sm-14d8">
         <name>memset</name>
         <value>0x1ae9d</value>
         <object_component_ref idref="oc-eb"/>
      </symbol>
      <symbol id="sm-14d9">
         <name>__aeabi_memset8</name>
         <value>0x1ae97</value>
         <object_component_ref idref="oc-eb"/>
      </symbol>
      <symbol id="sm-14da">
         <name>__aeabi_memset4</name>
         <value>0x1ae97</value>
         <object_component_ref idref="oc-eb"/>
      </symbol>
      <symbol id="sm-14db">
         <name>__aeabi_memclr8</name>
         <value>0x1ae95</value>
         <object_component_ref idref="oc-eb"/>
      </symbol>
      <symbol id="sm-14dc">
         <name>__aeabi_memclr4</name>
         <value>0x1ae95</value>
         <object_component_ref idref="oc-eb"/>
      </symbol>
      <symbol id="sm-14dd">
         <name>__aeabi_memclr</name>
         <value>0x1ae95</value>
         <object_component_ref idref="oc-eb"/>
      </symbol>
      <symbol id="sm-1505">
         <name>__TI_auto_init_nobinit_nopinit</name>
         <value>0x1b021</value>
         <object_component_ref idref="oc-115"/>
      </symbol>
      <symbol id="sm-1518">
         <name>__TI_zero_init</name>
         <value>0x1b0af</value>
         <object_component_ref idref="oc-6a"/>
      </symbol>
      <symbol id="sm-152f">
         <name>__TI_decompress_none</name>
         <value>0x1b0a1</value>
         <object_component_ref idref="oc-17"/>
      </symbol>
      <symbol id="sm-1552">
         <name>__TI_decompress_lzss</name>
         <value>0x1af0f</value>
         <object_component_ref idref="oc-11"/>
      </symbol>
      <symbol id="sm-155d">
         <name>C$$EXIT</name>
         <value>0x1b0bb</value>
         <object_component_ref idref="oc-1c5"/>
      </symbol>
      <symbol id="sm-155e">
         <name>abort</name>
         <value>0x1b0bb</value>
         <object_component_ref idref="oc-1c5"/>
      </symbol>
      <symbol id="sm-1575">
         <name>memcmp</name>
         <value>0x1b065</value>
         <object_component_ref idref="oc-2e7"/>
      </symbol>
      <symbol id="sm-158a">
         <name>_sys_memory</name>
         <value>0x6398</value>
         <object_component_ref idref="oc-4a"/>
      </symbol>
      <symbol id="sm-159a">
         <name>strlen</name>
         <value>0x1b08b</value>
         <object_component_ref idref="oc-14b"/>
      </symbol>
      <symbol id="sm-15ab">
         <name>__aeabi_idiv0</name>
         <value>0x1af7b</value>
         <object_component_ref idref="oc-4c8"/>
      </symbol>
      <symbol id="sm-15ac">
         <name>__aeabi_ldiv0</name>
         <value>0x1af7b</value>
         <object_component_ref idref="oc-4c8"/>
      </symbol>
      <symbol id="sm-15be">
         <name>__TI_static_base__</name>
         <value>0x0</value>
      </symbol>
      <symbol id="sm-15c2">
         <name>SHT$$INIT_ARRAY$$Base</name>
         <value>0x0</value>
      </symbol>
      <symbol id="sm-15c3">
         <name>SHT$$INIT_ARRAY$$Limit</name>
         <value>0x0</value>
      </symbol>
      <symbol id="sm-15c4">
         <name>_system_post_cinit</name>
         <value>0x0</value>
      </symbol>
   </symbol_table>
   <title>Link successful</title>
</link_info>
